Thu, 19 Nov 2020 15:31:07 :INFO:parsing file: [./yaml_config/erfnet.yml]
Thu, 19 Nov 2020 15:41:13 :INFO:parsing file: [./yaml_config/erfnet.yml]
Thu, 19 Nov 2020 15:45:37 :INFO:parsing file: [./yaml_config/erfnet.yml]
Thu, 19 Nov 2020 15:46:37 :INFO:parsing file: [./yaml_config/erfnet.yml]
Thu, 19 Nov 2020 15:47:12 :INFO:parsing file: [./yaml_config/erfnet.yml]
Thu, 19 Nov 2020 15:47:54 :INFO:parsing file: [./yaml_config/erfnet.yml]
Thu, 19 Nov 2020 15:48:28 :INFO:parsing file: [./yaml_config/erfnet.yml]
Thu, 19 Nov 2020 15:49:09 :INFO:parsing file: [./yaml_config/erfnet.yml]
Thu, 19 Nov 2020 15:50:42 :INFO:parsing file: [./yaml_config/erfnet.yml]
Thu, 19 Nov 2020 15:51:33 :INFO:parsing file: [./yaml_config/erfnet.yml]
Thu, 19 Nov 2020 15:54:52 :INFO:parsing file: [./yaml_config/erfnet.yml]
Thu, 19 Nov 2020 15:55:05 :INFO:parsing file: [./yaml_config/erfnet.yml]
Thu, 19 Nov 2020 15:56:36 :INFO:parsing file: [./yaml_config/erfnet.yml]
Thu, 19 Nov 2020 15:57:54 :INFO:parsing file: [./yaml_config/erfnet.yml]
Thu, 19 Nov 2020 16:10:58 :INFO:parsing file: [./yaml_config/erfnet.yml]
Thu, 19 Nov 2020 16:13:42 :INFO:parsing file: [./yaml_config/erfnet.yml]
Thu, 19 Nov 2020 16:15:40 :INFO:parsing file: [./yaml_config/erfnet.yml]
Thu, 19 Nov 2020 16:16:36 :INFO:parsing file: [./yaml_config/erfnet.yml]
Thu, 19 Nov 2020 16:17:10 :INFO:parsing file: [./yaml_config/erfnet.yml]
Thu, 19 Nov 2020 16:24:11 :INFO:parsing file: [./yaml_config/erfnet.yml]
Thu, 19 Nov 2020 16:35:59 :INFO:parsing file: [./yaml_config/erfnet.yml]
Thu, 19 Nov 2020 16:37:22 :INFO:parsing file: [./yaml_config/erfnet.yml]
Thu, 19 Nov 2020 16:37:59 :INFO:parsing file: [./yaml_config/erfnet.yml]
Thu, 19 Nov 2020 16:40:08 :INFO:parsing file: [./yaml_config/erfnet.yml]
Thu, 19 Nov 2020 16:40:40 :INFO:parsing file: [./yaml_config/erfnet.yml]
Thu, 19 Nov 2020 17:08:03 :INFO:parsing file: [./yaml_config/erfnet.yml]
Thu, 19 Nov 2020 17:10:58 :INFO:parsing file: [./yaml_config/erfnet.yml]
Thu, 19 Nov 2020 17:12:46 :INFO:parsing file: [./yaml_config/erfnet.yml]
Thu, 19 Nov 2020 17:13:34 :INFO:parsing file: [./yaml_config/erfnet.yml]
Thu, 19 Nov 2020 17:14:51 :INFO:parsing file: [./yaml_config/erfnet.yml]
Thu, 19 Nov 2020 17:15:22 :INFO:parsing file: [./yaml_config/erfnet.yml]
Thu, 19 Nov 2020 17:17:13 :INFO:parsing file: [./yaml_config/erfnet.yml]
Thu, 19 Nov 2020 17:26:18 :INFO:parsing file: [./yaml_config/erfnet.yml]
Thu, 19 Nov 2020 17:27:31 :INFO:parsing file: [./yaml_config/erfnet.yml]
Thu, 19 Nov 2020 17:27:55 :INFO:parsing file: [./yaml_config/erfnet.yml]
Thu, 19 Nov 2020 17:28:59 :INFO:parsing file: [./yaml_config/erfnet.yml]
Thu, 19 Nov 2020 17:35:45 :INFO:parsing file: [./yaml_config/erfnet.yml]
Thu, 19 Nov 2020 17:36:02 :INFO:parsing file: [./yaml_config/erfnet.yml]
Thu, 19 Nov 2020 17:37:50 :INFO:parsing file: [./yaml_config/erfnet.yml]
Thu, 19 Nov 2020 17:38:37 :INFO:parsing file: [./yaml_config/erfnet.yml]
Thu, 19 Nov 2020 17:39:19 :INFO:parsing file: [./yaml_config/erfnet.yml]
Thu, 19 Nov 2020 17:40:44 :INFO:parsing file: [./yaml_config/erfnet.yml]
Thu, 19 Nov 2020 17:49:32 :INFO:parsing file: [./yaml_config/erfnet.yml]
Thu, 19 Nov 2020 17:51:01 :INFO:parsing file: [./yaml_config/erfnet.yml]
Thu, 19 Nov 2020 17:52:19 :INFO:parsing file: [./yaml_config/erfnet.yml]
Thu, 19 Nov 2020 17:52:44 :INFO:parsing file: [./yaml_config/erfnet.yml]
Thu, 19 Nov 2020 17:53:51 :INFO:parsing file: [./yaml_config/erfnet.yml]
Thu, 19 Nov 2020 17:55:04 :INFO:parsing file: [./yaml_config/erfnet.yml]
Thu, 19 Nov 2020 17:55:17 :INFO:parsing file: [./yaml_config/erfnet.yml]
Thu, 19 Nov 2020 17:55:36 :INFO:parsing file: [./yaml_config/erfnet.yml]
Thu, 19 Nov 2020 17:56:08 :INFO:parsing file: [./yaml_config/erfnet.yml]
Thu, 19 Nov 2020 18:01:39 :INFO:parsing file: [./yaml_config/erfnet.yml]
Fri, 20 Nov 2020 11:52:02 :INFO:parsing file: [./yaml_config/erfnet.yml]
Fri, 20 Nov 2020 12:17:29 :INFO:parsing file: [./yaml_config/erfnet.yml]
Fri, 20 Nov 2020 12:18:46 :INFO:parsing file: [./yaml_config/erfnet.yml]
Fri, 20 Nov 2020 12:20:10 :INFO:parsing file: [./yaml_config/erfnet.yml]
Fri, 20 Nov 2020 12:21:05 :INFO:parsing file: [./yaml_config/erfnet.yml]
Fri, 20 Nov 2020 12:23:27 :INFO:parsing file: [./yaml_config/erfnet.yml]
Fri, 20 Nov 2020 12:23:51 :INFO:parsing file: [./yaml_config/erfnet.yml]
Fri, 20 Nov 2020 12:24:18 :INFO:parsing file: [./yaml_config/erfnet.yml]
Fri, 20 Nov 2020 12:26:53 :INFO:parsing file: [./yaml_config/erfnet.yml]
Fri, 20 Nov 2020 12:29:34 :INFO:parsing file: [./yaml_config/erfnet.yml]
Fri, 20 Nov 2020 12:30:42 :INFO:parsing file: [./yaml_config/erfnet.yml]
Fri, 20 Nov 2020 12:34:29 :INFO:parsing file: [./yaml_config/erfnet.yml]
Mon, 23 Nov 2020 17:06:04 :INFO:parsing file: [./yaml_config/erfnet.yml]
Mon, 23 Nov 2020 17:17:19 :INFO:parsing file: [./yaml_config/erfnet.yml]
Mon, 23 Nov 2020 17:32:20 :INFO:parsing file: [./yaml_config/erfnet.yml]
Mon, 23 Nov 2020 17:32:28 :INFO:parsing file: [./yaml_config/erfnet.yml]
Mon, 23 Nov 2020 17:33:07 :INFO:parsing file: [./yaml_config/erfnet.yml]
Mon, 23 Nov 2020 17:34:01 :INFO:parsing file: [./yaml_config/erfnet.yml]
Mon, 23 Nov 2020 18:06:10 :INFO:parsing file: [./yaml_config/erfnet.yml]
Mon, 23 Nov 2020 18:07:07 :INFO:parsing file: [./yaml_config/erfnet.yml]
Mon, 23 Nov 2020 18:08:26 :INFO:parsing file: [./yaml_config/erfnet.yml]
Mon, 23 Nov 2020 18:11:28 :INFO:parsing file: [./yaml_config/erfnet.yml]
Mon, 23 Nov 2020 18:13:10 :INFO:parsing file: [./yaml_config/erfnet.yml]
Mon, 23 Nov 2020 18:13:57 :INFO:parsing file: [./yaml_config/erfnet.yml]
Mon, 23 Nov 2020 18:15:53 :INFO:parsing file: [./yaml_config/erfnet.yml]
Mon, 23 Nov 2020 18:25:47 :INFO:parsing file: [./yaml_config/erfnet.yml]
Mon, 23 Nov 2020 18:26:39 :INFO:parsing file: [./yaml_config/erfnet.yml]
Mon, 23 Nov 2020 18:28:03 :INFO:parsing file: [./yaml_config/erfnet.yml]
Mon, 23 Nov 2020 18:29:32 :INFO:parsing file: [./yaml_config/erfnet.yml]
Mon, 23 Nov 2020 18:30:28 :INFO:parsing file: [./yaml_config/erfnet.yml]
Tue, 24 Nov 2020 11:47:34 :INFO:parsing file: [./yaml_config/erfnet.yml]
Tue, 24 Nov 2020 11:48:20 :INFO:parsing file: [./yaml_config/erfnet.yml]
Tue, 24 Nov 2020 11:48:58 :INFO:parsing file: [./yaml_config/erfnet.yml]
Tue, 24 Nov 2020 11:51:20 :INFO:parsing file: [./yaml_config/erfnet.yml]
Tue, 24 Nov 2020 11:55:07 :INFO:parsing file: [./yaml_config/erfnet.yml]
Tue, 24 Nov 2020 12:06:18 :INFO:parsing file: [./yaml_config/erfnet.yml]
Tue, 24 Nov 2020 12:07:46 :INFO:parsing file: [./yaml_config/erfnet.yml]
Tue, 24 Nov 2020 12:08:06 :INFO:parsing file: [./yaml_config/erfnet.yml]
Tue, 24 Nov 2020 12:08:31 :INFO:parsing file: [./yaml_config/erfnet.yml]
Tue, 24 Nov 2020 12:08:51 :INFO:parsing file: [./yaml_config/erfnet.yml]
Tue, 24 Nov 2020 12:09:27 :INFO:parsing file: [./yaml_config/erfnet.yml]
Tue, 24 Nov 2020 18:08:22 :INFO:parsing file: [./yaml_config/erfnet.yml]
Wed, 25 Nov 2020 10:58:15 :INFO:parsing file: [./yaml_config/erfnet.yml]
Wed, 25 Nov 2020 11:09:05 :INFO:parsing file: [./yaml_config/erfnet.yml]
Wed, 25 Nov 2020 14:57:05 :INFO:parsing file: [./yaml_config/erfnet.yml]
Thu, 26 Nov 2020 16:48:52 :INFO:parsing file: [./yaml_config/erfnet.yml]
Thu, 26 Nov 2020 17:07:32 :INFO:parsing file: [./yaml_config/erfnet.yml]
Fri, 27 Nov 2020 15:34:53 :INFO:parsing file: [./yaml_config/classification_mnist.yml]
Fri, 27 Nov 2020 16:12:36 :INFO:parsing file: [./yaml_config/classification_mnist.yml]
Fri, 27 Nov 2020 16:18:14 :INFO:parsing file: [./yaml_config/classification_mnist.yml]
Fri, 27 Nov 2020 16:18:41 :INFO:parsing file: [./yaml_config/classification_mnist.yml]
Fri, 27 Nov 2020 16:20:57 :INFO:parsing file: [./yaml_config/classification_mnist.yml]
Fri, 27 Nov 2020 16:21:43 :INFO:parsing file: [./yaml_config/classification_mnist.yml]
Fri, 27 Nov 2020 16:23:31 :INFO:parsing file: [./yaml_config/classification_mnist.yml]
Fri, 27 Nov 2020 16:23:39 :INFO:parsing file: [./yaml_config/classification_mnist.yml]
Fri, 27 Nov 2020 16:26:57 :INFO:parsing file: [./yaml_config/classification_mnist.yml]
Fri, 27 Nov 2020 16:30:08 :INFO:parsing file: [./yaml_config/classification_mnist.yml]
Fri, 27 Nov 2020 16:31:14 :INFO:parsing file: [./yaml_config/classification_mnist.yml]
Fri, 27 Nov 2020 16:31:51 :INFO:parsing file: [./yaml_config/classification_mnist.yml]
Fri, 27 Nov 2020 16:37:40 :INFO:parsing file: [./yaml_config/classification_mnist.yml]
Fri, 27 Nov 2020 16:38:12 :INFO:parsing file: [./yaml_config/classification_mnist.yml]
Fri, 27 Nov 2020 16:39:19 :INFO:parsing file: [./yaml_config/classification_mnist.yml]
Fri, 27 Nov 2020 16:39:40 :INFO:parsing file: [./yaml_config/classification_mnist.yml]
Fri, 27 Nov 2020 16:40:36 :INFO:parsing file: [./yaml_config/classification_mnist.yml]
Fri, 27 Nov 2020 16:40:49 :INFO:parsing file: [./yaml_config/classification_mnist.yml]
Fri, 27 Nov 2020 16:59:57 :INFO:parsing file: [./yaml_config/classification_mnist.yml]
Fri, 27 Nov 2020 17:00:26 :INFO:parsing file: [./yaml_config/classification_mnist.yml]
Fri, 27 Nov 2020 17:01:27 :INFO:parsing file: [./yaml_config/classification_mnist.yml]
Fri, 27 Nov 2020 17:01:48 :INFO:parsing file: [./yaml_config/classification_mnist.yml]
Fri, 27 Nov 2020 17:02:10 :INFO:parsing file: [./yaml_config/classification_mnist.yml]
Fri, 27 Nov 2020 17:03:17 :INFO:parsing file: [./yaml_config/classification_mnist.yml]
Fri, 27 Nov 2020 17:03:38 :INFO:parsing file: [./yaml_config/classification_mnist.yml]
Fri, 27 Nov 2020 17:07:48 :INFO:parsing file: [./yaml_config/classification_mnist.yml]
Fri, 27 Nov 2020 17:13:35 :INFO:parsing file: [./yaml_config/classification_mnist.yml]
Fri, 27 Nov 2020 17:14:23 :INFO:parsing file: [./yaml_config/classification_mnist.yml]
Fri, 27 Nov 2020 17:14:32 :INFO:parsing file: [./yaml_config/classification_mnist.yml]
Fri, 27 Nov 2020 17:14:54 :INFO:parsing file: [./yaml_config/classification_mnist.yml]
Fri, 27 Nov 2020 17:15:09 :INFO:parsing file: [./yaml_config/classification_mnist.yml]
Fri, 27 Nov 2020 17:17:25 :INFO:parsing file: [./yaml_config/classification_mnist.yml]
Fri, 27 Nov 2020 17:17:42 :INFO:parsing file: [./yaml_config/classification_mnist.yml]
Fri, 27 Nov 2020 17:23:51 :INFO:parsing file: [./yaml_config/classification_mnist.yml]
Fri, 27 Nov 2020 17:24:20 :INFO:parsing file: [./yaml_config/classification_mnist.yml]
Fri, 27 Nov 2020 17:28:05 :INFO:parsing file: [./yaml_config/classification_mnist.yml]
Fri, 27 Nov 2020 17:28:57 :INFO:parsing file: [./yaml_config/classification_mnist.yml]
Fri, 27 Nov 2020 17:43:16 :INFO:parsing file: [./yaml_config/classification_mnist.yml]
Fri, 27 Nov 2020 17:43:49 :INFO:parsing file: [./yaml_config/classification_mnist.yml]
Fri, 27 Nov 2020 17:44:04 :INFO:parsing file: [./yaml_config/classification_mnist.yml]
Fri, 27 Nov 2020 17:44:26 :INFO:parsing file: [./yaml_config/classification_mnist.yml]
Fri, 27 Nov 2020 17:45:40 :INFO:parsing file: [./yaml_config/classification_mnist.yml]
Fri, 27 Nov 2020 17:46:42 :INFO:parsing file: [./yaml_config/classification_mnist.yml]
Fri, 27 Nov 2020 17:47:05 :INFO:parsing file: [./yaml_config/classification_mnist.yml]
Fri, 27 Nov 2020 17:47:21 :INFO:parsing file: [./yaml_config/classification_mnist.yml]
Fri, 27 Nov 2020 17:47:38 :INFO:parsing file: [./yaml_config/classification_mnist.yml]
Fri, 27 Nov 2020 17:48:47 :INFO:parsing file: [./yaml_config/classification_mnist.yml]
Fri, 27 Nov 2020 17:49:04 :INFO:parsing file: [./yaml_config/classification_mnist.yml]
Fri, 27 Nov 2020 17:49:20 :INFO:parsing file: [./yaml_config/classification_mnist.yml]
Fri, 27 Nov 2020 17:49:36 :INFO:parsing file: [./yaml_config/classification_mnist.yml]
Fri, 27 Nov 2020 17:50:57 :INFO:parsing file: [./yaml_config/classification_mnist.yml]
Fri, 27 Nov 2020 17:51:04 :INFO:parsing file: [./yaml_config/classification_mnist.yml]
Fri, 27 Nov 2020 17:51:39 :INFO:parsing file: [./yaml_config/classification_mnist.yml]
Fri, 27 Nov 2020 17:52:22 :INFO:parsing file: [./yaml_config/classification_mnist.yml]
Fri, 27 Nov 2020 17:52:45 :INFO:parsing file: [./yaml_config/classification_mnist.yml]
Fri, 27 Nov 2020 17:53:24 :INFO:parsing file: [./yaml_config/classification_mnist.yml]
Tue, 05 Jan 2021 14:40:02 :INFO:parsing file: [./yaml_config/classification_mnist.yml]
Tue, 05 Jan 2021 14:41:38 :INFO:parsing file: [./yaml_config/classification_mnist.yml]
Tue, 05 Jan 2021 15:20:40 :INFO:parsing file: [./yaml_config/classification_img.yml]
Tue, 05 Jan 2021 15:21:25 :INFO:parsing file: [./yaml_config/classification_img.yml]
Tue, 05 Jan 2021 15:21:52 :INFO:parsing file: [./yaml_config/classification_img.yml]
Tue, 05 Jan 2021 15:23:04 :INFO:parsing file: [./yaml_config/classification_img.yml]
Tue, 05 Jan 2021 15:37:26 :INFO:parsing file: [./yaml_config/classification_img.yml]
Tue, 05 Jan 2021 15:39:56 :INFO:parsing file: [./yaml_config/classification_img.yml]
Tue, 05 Jan 2021 15:41:37 :INFO:parsing file: [./yaml_config/classification_img.yml]
Tue, 05 Jan 2021 15:46:28 :INFO:parsing file: [./yaml_config/classification_img.yml]
Tue, 05 Jan 2021 21:26:28 :INFO:parsing file: [./yaml_config/classification_img.yml]
Tue, 05 Jan 2021 21:30:15 :INFO:parsing file: [./yaml_config/classification_img.yml]
Wed, 06 Jan 2021 10:13:37 :INFO:parsing file: [./yaml_config/classification_img.yml]
Wed, 06 Jan 2021 10:15:47 :INFO:parsing file: [./yaml_config/classification_img.yml]
Wed, 06 Jan 2021 10:20:57 :INFO:parsing file: [./yaml_config/classification_img.yml]
Wed, 06 Jan 2021 10:25:50 :INFO:parsing file: [./yaml_config/classification_img.yml]
Wed, 06 Jan 2021 10:26:18 :INFO:parsing file: [./yaml_config/classification_img.yml]
Wed, 06 Jan 2021 10:27:31 :INFO:parsing file: [./yaml_config/classification_img.yml]
Wed, 06 Jan 2021 10:29:02 :INFO:parsing file: [./yaml_config/classification_img.yml]
Wed, 06 Jan 2021 10:30:58 :INFO:parsing file: [./yaml_config/classification_img.yml]
Wed, 06 Jan 2021 10:38:39 :INFO:parsing file: [./yaml_config/classification_img.yml]
Wed, 06 Jan 2021 10:54:51 :INFO:parsing file: [./yaml_config/classification_img.yml]
Wed, 06 Jan 2021 10:56:29 :INFO:parsing file: [./yaml_config/classification_img.yml]
Wed, 06 Jan 2021 10:56:44 :INFO:parsing file: [./yaml_config/classification_img.yml]
Wed, 06 Jan 2021 11:01:03 :INFO:parsing file: [./yaml_config/classification_img.yml]
Wed, 06 Jan 2021 11:03:07 :INFO:parsing file: [./yaml_config/classification_img.yml]
Wed, 06 Jan 2021 11:06:37 :INFO:parsing file: [./yaml_config/classification_img.yml]
Wed, 06 Jan 2021 11:09:06 :INFO:parsing file: [./yaml_config/classification_img.yml]
Wed, 06 Jan 2021 11:10:33 :INFO:parsing file: [./yaml_config/classification_img.yml]
Wed, 06 Jan 2021 11:12:08 :INFO:parsing file: [./yaml_config/classification_img.yml]
Wed, 06 Jan 2021 11:14:31 :INFO:parsing file: [./yaml_config/classification_img.yml]
Wed, 06 Jan 2021 11:15:16 :INFO:parsing file: [./yaml_config/classification_img.yml]
Wed, 06 Jan 2021 14:42:39 :INFO:parsing file: [./yaml_config/classification_img.yml]
Wed, 06 Jan 2021 14:44:11 :INFO:parsing file: [./yaml_config/classification_img.yml]
Wed, 06 Jan 2021 14:50:48 :INFO:parsing file: [./yaml_config/classification_img.yml]
Wed, 06 Jan 2021 14:52:06 :INFO:parsing file: [./yaml_config/classification_img.yml]
Wed, 06 Jan 2021 14:52:50 :INFO:parsing file: [./yaml_config/classification_img.yml]
Wed, 06 Jan 2021 15:36:35 :INFO:parsing file: [./yaml_config/classification_img.yml]
Wed, 06 Jan 2021 15:37:13 :INFO:parsing file: [./yaml_config/classification_img.yml]
Wed, 06 Jan 2021 15:39:42 :INFO:parsing file: [./yaml_config/classification_img.yml]
Wed, 06 Jan 2021 15:50:04 :INFO:parsing file: [./yaml_config/classification_img.yml]
Wed, 06 Jan 2021 15:54:16 :INFO:parsing file: [./yaml_config/classification_img.yml]
Wed, 06 Jan 2021 15:54:51 :INFO:parsing file: [./yaml_config/classification_img.yml]
Wed, 06 Jan 2021 15:55:20 :INFO:parsing file: [./yaml_config/classification_img.yml]
Wed, 06 Jan 2021 15:55:50 :INFO:parsing file: [./yaml_config/classification_img.yml]
Wed, 06 Jan 2021 15:56:05 :INFO:parsing file: [./yaml_config/classification_img.yml]
Wed, 06 Jan 2021 16:00:15 :INFO:parsing file: [./yaml_config/classification_img.yml]
Wed, 06 Jan 2021 16:00:33 :INFO:parsing file: [./yaml_config/classification_img.yml]
Wed, 06 Jan 2021 16:06:35 :INFO:parsing file: [./yaml_config/classification_img.yml]
Wed, 06 Jan 2021 16:14:42 :INFO:parsing file: [./yaml_config/classification_img.yml]
Wed, 06 Jan 2021 16:16:22 :INFO:parsing file: [./yaml_config/classification_img.yml]
Wed, 06 Jan 2021 16:25:54 :INFO:parsing file: [./yaml_config/classification_img.yml]
Wed, 06 Jan 2021 16:37:35 :INFO:parsing file: [./yaml_config/classification_img.yml]
Wed, 06 Jan 2021 16:38:12 :INFO:parsing file: [./yaml_config/classification_img.yml]
Wed, 06 Jan 2021 17:19:10 :INFO:parsing file: [./yaml_config/classification_img.yml]
Thu, 07 Jan 2021 16:27:54 :INFO:parsing file: [./temp/hopepose_contain/pose_detect_video.yml]
Thu, 07 Jan 2021 16:28:26 :INFO:parsing file: [./temp/hopepose_contain/pose_detect_video.yml]
Thu, 07 Jan 2021 17:18:07 :INFO:parsing file: [./temp/hopepose_contain/pose_detect_video.yml]
Thu, 07 Jan 2021 17:21:42 :INFO:parsing file: [./temp/hopepose_contain/pose_detect_video.yml]
Thu, 07 Jan 2021 17:22:17 :INFO:parsing file: [./temp/hopepose_contain/pose_detect_video.yml]
Thu, 07 Jan 2021 17:22:38 :INFO:parsing file: [./temp/hopepose_contain/pose_detect_video.yml]
Thu, 07 Jan 2021 17:23:34 :INFO:parsing file: [./temp/hopepose_contain/pose_detect_video.yml]
Thu, 07 Jan 2021 17:25:05 :INFO:parsing file: [./temp/hopepose_contain/pose_detect_video.yml]
Thu, 07 Jan 2021 17:25:46 :INFO:parsing file: [./temp/hopepose_contain/pose_detect_video.yml]
Thu, 07 Jan 2021 17:27:32 :INFO:parsing file: [./temp/hopepose_contain/pose_detect_video.yml]
Thu, 07 Jan 2021 17:28:48 :INFO:parsing file: [./temp/hopepose_contain/pose_detect_video.yml]
Thu, 07 Jan 2021 17:33:36 :INFO:parsing file: [./temp/hopepose_contain/pose_detect_video.yml]
Thu, 07 Jan 2021 17:35:21 :INFO:parsing file: [./temp/hopepose_contain/pose_detect_video.yml]
Thu, 07 Jan 2021 17:35:33 :INFO:parsing file: [./temp/hopepose_contain/pose_detect_video.yml]
Thu, 07 Jan 2021 17:36:13 :INFO:parsing file: [./temp/hopepose_contain/pose_detect_video.yml]
Thu, 07 Jan 2021 17:37:05 :INFO:parsing file: [./temp/hopepose_contain/pose_detect_video.yml]
Thu, 07 Jan 2021 17:38:27 :INFO:parsing file: [./temp/hopepose_contain/pose_detect_video.yml]
Thu, 07 Jan 2021 17:38:44 :INFO:parsing file: [./temp/hopepose_contain/pose_detect_video.yml]
Thu, 07 Jan 2021 17:43:26 :INFO:parsing file: [./temp/hopepose_contain/pose_detect_video.yml]
Thu, 07 Jan 2021 19:14:05 :INFO:parsing file: [./temp/hopepose_contain/pose_detect_video.yml]
Thu, 07 Jan 2021 19:14:19 :INFO:parsing file: [./temp/hopepose_contain/pose_detect_video.yml]
Thu, 07 Jan 2021 19:15:01 :INFO:parsing file: [./temp/hopepose_contain/pose_detect_video.yml]
Thu, 07 Jan 2021 19:15:44 :INFO:parsing file: [./temp/hopepose_contain/pose_detect_video.yml]
Thu, 07 Jan 2021 19:24:40 :INFO:parsing file: [./temp/hopepose_contain/pose_detect_video.yml]
Thu, 07 Jan 2021 19:39:18 :INFO:parsing file: [./temp/hopepose_contain/pose_detect_video.yml]
Thu, 07 Jan 2021 19:39:37 :INFO:parsing file: [./temp/hopepose_contain/pose_detect_video.yml]
Thu, 07 Jan 2021 19:39:45 :INFO:parsing file: [./temp/hopepose_contain/pose_detect_video.yml]
Thu, 07 Jan 2021 19:40:05 :INFO:parsing file: [./temp/hopepose_contain/pose_detect_video.yml]
Thu, 07 Jan 2021 19:41:04 :INFO:parsing file: [./temp/hopepose_contain/pose_detect_video.yml]
Thu, 07 Jan 2021 19:44:50 :INFO:parsing file: [./temp/hopepose_contain/pose_detect_video.yml]
Thu, 07 Jan 2021 19:55:28 :INFO:parsing file: [./temp/hopepose_contain/pose_detect_video.yml]
Thu, 07 Jan 2021 19:55:39 :INFO:parsing file: [./temp/hopepose_contain/pose_detect_video.yml]
Thu, 07 Jan 2021 19:56:05 :INFO:parsing file: [./temp/hopepose_contain/pose_detect_video.yml]
Thu, 07 Jan 2021 19:59:15 :INFO:parsing file: [./temp/hopepose_contain/pose_detect_video.yml]
Thu, 07 Jan 2021 20:16:32 :INFO:parsing file: [./yaml_config/classification_img.yml]
Thu, 07 Jan 2021 20:17:12 :INFO:parsing file: [./yaml_config/classification_img.yml]
Thu, 07 Jan 2021 20:18:06 :INFO:parsing file: [./yaml_config/classification_img.yml]
Sat, 16 Jan 2021 21:28:48 :INFO:parsing file: [./yaml_config/classification_antispoof.yml]
Sat, 16 Jan 2021 21:30:42 :INFO:parsing file: [./yaml_config/classification_antispoof.yml]
Sat, 16 Jan 2021 21:31:00 :INFO:parsing file: [./yaml_config/classification_antispoof.yml]
Sat, 16 Jan 2021 21:31:20 :INFO:parsing file: [./yaml_config/classification_antispoof.yml]
Sat, 16 Jan 2021 21:33:42 :INFO:parsing file: [./yaml_config/classification_antispoof.yml]
Sat, 16 Jan 2021 21:34:52 :INFO:parsing file: [./yaml_config/classification_antispoof.yml]
Sat, 16 Jan 2021 21:35:47 :INFO:parsing file: [./yaml_config/classification_antispoof.yml]
Sat, 16 Jan 2021 21:36:54 :INFO:parsing file: [./yaml_config/classification_antispoof.yml]
Sat, 16 Jan 2021 21:38:22 :INFO:parsing file: [./yaml_config/classification_antispoof.yml]
Sat, 16 Jan 2021 21:45:57 :INFO:parsing file: [./yaml_config/classification_antispoof.yml]
Sat, 16 Jan 2021 21:46:18 :INFO:parsing file: [./yaml_config/classification_antispoof.yml]
Sat, 16 Jan 2021 21:47:01 :INFO:parsing file: [./yaml_config/classification_antispoof.yml]
Sat, 16 Jan 2021 21:47:31 :INFO:parsing file: [./yaml_config/classification_antispoof.yml]
Sat, 16 Jan 2021 21:59:28 :INFO:parsing file: [./yaml_config/classification_antispoof.yml]
Sun, 17 Jan 2021 15:11:04 :INFO:parsing file: [./yaml_config/classification_antispoof.yml]
Sun, 17 Jan 2021 15:15:28 :INFO:parsing file: [./yaml_config/classification_antispoof.yml]
Sun, 17 Jan 2021 15:17:19 :INFO:parsing file: [./yaml_config/classification_antispoof.yml]
Sun, 17 Jan 2021 15:18:43 :INFO:parsing file: [./yaml_config/classification_antispoof.yml]
Sun, 17 Jan 2021 15:24:12 :INFO:parsing file: [./yaml_config/classification_antispoof.yml]
Sun, 17 Jan 2021 15:25:01 :INFO:parsing file: [./yaml_config/classification_antispoof.yml]
Sun, 17 Jan 2021 15:27:57 :INFO:parsing file: [./yaml_config/classification_antispoof.yml]
Sun, 17 Jan 2021 15:28:10 :INFO:parsing file: [./yaml_config/classification_antispoof.yml]
Sun, 17 Jan 2021 15:29:21 :INFO:parsing file: [./yaml_config/classification_antispoof.yml]
Sun, 17 Jan 2021 15:29:30 :INFO:parsing file: [./yaml_config/classification_antispoof.yml]
Sun, 17 Jan 2021 15:30:41 :INFO:parsing file: [./yaml_config/classification_antispoof.yml]
Sun, 17 Jan 2021 15:31:10 :INFO:parsing file: [./yaml_config/classification_antispoof.yml]
Sun, 17 Jan 2021 15:31:24 :INFO:parsing file: [./yaml_config/classification_antispoof.yml]
Sun, 17 Jan 2021 15:54:33 :INFO:parsing file: [./yaml_config/classification_antispoof.yml]
Sun, 17 Jan 2021 16:06:34 :INFO:parsing file: [./yaml_config/classification_antispoof.yml]
Sun, 17 Jan 2021 16:07:26 :INFO:parsing file: [./yaml_config/classification_antispoof.yml]
Sun, 17 Jan 2021 16:07:43 :INFO:parsing file: [./yaml_config/classification_antispoof.yml]
Sun, 17 Jan 2021 16:09:06 :INFO:parsing file: [./yaml_config/classification_antispoof.yml]
Sun, 17 Jan 2021 17:05:38 :INFO:parsing file: [./yaml_config/classification_antispoof.yml]
Sun, 17 Jan 2021 17:06:53 :INFO:parsing file: [./yaml_config/classification_antispoof.yml]
Sun, 17 Jan 2021 17:08:06 :INFO:parsing file: [./yaml_config/classification_antispoof.yml]
Sun, 17 Jan 2021 17:09:01 :INFO:parsing file: [./yaml_config/classification_antispoof.yml]
Sun, 17 Jan 2021 17:11:35 :INFO:parsing file: [./yaml_config/classification_antispoof.yml]
Sun, 17 Jan 2021 17:13:31 :INFO:parsing file: [./yaml_config/classification_antispoof.yml]
Sun, 17 Jan 2021 17:14:28 :INFO:parsing file: [./yaml_config/classification_antispoof.yml]
Sun, 17 Jan 2021 17:14:58 :INFO:parsing file: [./yaml_config/classification_antispoof.yml]
Sun, 17 Jan 2021 17:15:35 :INFO:parsing file: [./yaml_config/classification_antispoof.yml]
Sun, 17 Jan 2021 17:26:42 :INFO:parsing file: [./yaml_config/classification_antispoof.yml]
Sun, 17 Jan 2021 17:39:22 :INFO:parsing file: [./yaml_config/classification_antispoof_pgrey.yml]
Sun, 17 Jan 2021 17:39:32 :INFO:parsing file: [./yaml_config/classification_antispoof_pgrey.yml]
Sun, 17 Jan 2021 17:44:55 :INFO:parsing file: [./yaml_config/classification_antispoof_pgrey.yml]
Sun, 17 Jan 2021 17:45:34 :INFO:parsing file: [./yaml_config/classification_antispoof_pgrey.yml]
Sun, 17 Jan 2021 17:58:20 :INFO:parsing file: [./yaml_config/classification_antispoof_pgrey.yml]
Sun, 17 Jan 2021 17:59:37 :INFO:parsing file: [./yaml_config/classification_antispoof_pgrey.yml]
Sun, 17 Jan 2021 18:07:28 :INFO:parsing file: [./yaml_config/classification_antispoof_pgrey.yml]
Sun, 17 Jan 2021 18:07:48 :INFO:parsing file: [./yaml_config/classification_antispoof_pgrey.yml]
Sun, 17 Jan 2021 18:11:11 :INFO:parsing file: [./yaml_config/classification_antispoof_pgrey.yml]
Sun, 17 Jan 2021 18:11:32 :INFO:parsing file: [./yaml_config/classification_antispoof_pgrey.yml]
Sun, 17 Jan 2021 18:12:02 :INFO:parsing file: [./yaml_config/classification_antispoof_pgrey.yml]
Sun, 17 Jan 2021 18:12:05 :INFO:parsing file: [./yaml_config/classification_antispoof.yml]
Sun, 17 Jan 2021 18:19:29 :INFO:parsing file: [./yaml_config/classification_antispoof_pgrey.yml]
Sun, 17 Jan 2021 18:19:50 :INFO:parsing file: [./yaml_config/classification_antispoof_pgrey.yml]
Sun, 17 Jan 2021 18:19:53 :INFO:parsing file: [./yaml_config/classification_antispoof.yml]
Sun, 17 Jan 2021 18:21:20 :INFO:parsing file: [./yaml_config/classification_antispoof_pgrey.yml]
Sun, 17 Jan 2021 18:21:23 :INFO:parsing file: [./yaml_config/classification_antispoof.yml]
Sun, 17 Jan 2021 18:23:31 :INFO:parsing file: [./yaml_config/classification_antispoof_pgrey.yml]
Sun, 17 Jan 2021 18:23:34 :INFO:parsing file: [./yaml_config/classification_antispoof.yml]
Sun, 17 Jan 2021 18:24:21 :INFO:parsing file: [./yaml_config/classification_antispoof_pgrey.yml]
Sun, 17 Jan 2021 18:24:24 :INFO:parsing file: [./yaml_config/classification_antispoof.yml]
Sun, 17 Jan 2021 18:25:10 :INFO:parsing file: [./yaml_config/classification_antispoof_pgrey.yml]
Sun, 17 Jan 2021 18:25:12 :INFO:parsing file: [./yaml_config/classification_antispoof.yml]
Sun, 17 Jan 2021 18:25:52 :INFO:parsing file: [./yaml_config/classification_antispoof_pgrey.yml]
Sun, 17 Jan 2021 18:25:54 :INFO:parsing file: [./yaml_config/classification_antispoof.yml]
Sun, 17 Jan 2021 18:26:25 :INFO:parsing file: [./yaml_config/classification_antispoof_pgrey.yml]
Sun, 17 Jan 2021 18:26:28 :INFO:parsing file: [./yaml_config/classification_antispoof.yml]
Sun, 17 Jan 2021 18:40:44 :INFO:parsing file: [./yaml_config/classification_antispoof_pgrey.yml]
Sun, 17 Jan 2021 18:40:47 :INFO:parsing file: [./yaml_config/classification_antispoof.yml]
Sun, 17 Jan 2021 18:43:36 :INFO:parsing file: [./yaml_config/classification_antispoof_pgrey.yml]
Sun, 17 Jan 2021 18:43:39 :INFO:parsing file: [./yaml_config/classification_antispoof.yml]
Sun, 17 Jan 2021 18:44:49 :INFO:parsing file: [./yaml_config/classification_antispoof_pgrey.yml]
Sun, 17 Jan 2021 18:44:52 :INFO:parsing file: [./yaml_config/classification_antispoof.yml]
Sun, 17 Jan 2021 19:21:49 :INFO:parsing file: [./yaml_config/classification_antispoof.yml]
Sun, 17 Jan 2021 19:22:48 :INFO:parsing file: [./yaml_config/classification_antispoof.yml]
Sun, 17 Jan 2021 19:23:26 :INFO:parsing file: [./yaml_config/classification_antispoof.yml]
Sun, 17 Jan 2021 19:45:21 :INFO:parsing file: [./yaml_config/classification_antispoof.yml]
Sun, 17 Jan 2021 19:45:34 :INFO:parsing file: [./yaml_config/classification_antispoof.yml]
Sun, 17 Jan 2021 20:48:37 :INFO:parsing file: [./yaml_config/classification_antispoof_pgrey.yml]
Sun, 17 Jan 2021 20:48:40 :INFO:parsing file: [./yaml_config/classification_antispoof.yml]
Sun, 17 Jan 2021 20:50:06 :INFO:parsing file: [./yaml_config/classification_antispoof_pgrey.yml]
Sun, 17 Jan 2021 20:50:09 :INFO:parsing file: [./yaml_config/classification_antispoof.yml]
Sun, 17 Jan 2021 20:51:56 :INFO:parsing file: [./yaml_config/classification_antispoof_pgrey.yml]
Sun, 17 Jan 2021 20:51:59 :INFO:parsing file: [./yaml_config/classification_antispoof.yml]
Sun, 17 Jan 2021 20:54:44 :INFO:parsing file: [./yaml_config/classification_antispoof_pgrey.yml]
Sun, 17 Jan 2021 20:54:47 :INFO:parsing file: [./yaml_config/classification_antispoof.yml]
Sun, 17 Jan 2021 20:55:06 :INFO:parsing file: [./yaml_config/classification_antispoof_pgrey.yml]
Sun, 17 Jan 2021 20:55:08 :INFO:parsing file: [./yaml_config/classification_antispoof.yml]
Sun, 17 Jan 2021 20:55:22 :INFO:parsing file: [./yaml_config/classification_antispoof.yml]
Sun, 17 Jan 2021 20:55:47 :INFO:parsing file: [./yaml_config/classification_antispoof.yml]
Sun, 17 Jan 2021 21:01:01 :INFO:parsing file: [./yaml_config/classification_antispoof_pgrey.yml]
Sun, 17 Jan 2021 21:01:03 :INFO:parsing file: [./yaml_config/classification_antispoof.yml]
Sun, 17 Jan 2021 21:01:34 :INFO:parsing file: [./yaml_config/classification_antispoof.yml]
Sun, 17 Jan 2021 21:27:42 :INFO:parsing file: [./yaml_config/classification_antispoof_pgrey.yml]
Sun, 17 Jan 2021 21:27:45 :INFO:parsing file: [./yaml_config/classification_antispoof.yml]
Sun, 17 Jan 2021 21:29:59 :INFO:parsing file: [./yaml_config/classification_antispoof_pgrey.yml]
Sun, 17 Jan 2021 21:30:02 :INFO:parsing file: [./yaml_config/classification_antispoof.yml]
Sun, 17 Jan 2021 21:31:56 :INFO:parsing file: [./yaml_config/classification_antispoof.yml]
Sun, 17 Jan 2021 21:37:59 :INFO:parsing file: [./yaml_config/classification_antispoof.yml]
Sun, 17 Jan 2021 21:59:29 :INFO:parsing file: [./yaml_config/classification_antispoof_pgrey.yml]
Sun, 17 Jan 2021 21:59:32 :INFO:parsing file: [./yaml_config/classification_antispoof.yml]
Sun, 17 Jan 2021 22:00:45 :INFO:parsing file: [./yaml_config/classification_antispoof.yml]
Sun, 17 Jan 2021 22:04:21 :INFO:parsing file: [./yaml_config/classification_antispoof_pgrey.yml]
Sun, 17 Jan 2021 22:04:24 :INFO:parsing file: [./yaml_config/classification_antispoof.yml]
Sun, 17 Jan 2021 22:04:46 :INFO:parsing file: [./yaml_config/classification_antispoof_pgrey.yml]
Sun, 17 Jan 2021 22:04:48 :INFO:parsing file: [./yaml_config/classification_antispoof.yml]
Sun, 17 Jan 2021 22:06:01 :INFO:parsing file: [./yaml_config/classification_antispoof_pgrey.yml]
Sun, 17 Jan 2021 22:06:04 :INFO:parsing file: [./yaml_config/classification_antispoof.yml]
Sun, 17 Jan 2021 22:06:27 :INFO:parsing file: [./yaml_config/classification_antispoof.yml]
Sun, 17 Jan 2021 22:06:56 :INFO:parsing file: [./yaml_config/classification_antispoof.yml]
Mon, 18 Jan 2021 09:42:06 :INFO:parsing file: [./yaml_config/classification_antispoof_pgrey.yml]
Mon, 18 Jan 2021 09:42:09 :INFO:parsing file: [./yaml_config/classification_antispoof.yml]
Mon, 18 Jan 2021 09:43:05 :INFO:parsing file: [./yaml_config/classification_antispoof_pgrey.yml]
Mon, 18 Jan 2021 09:43:08 :INFO:parsing file: [./yaml_config/classification_antispoof.yml]
Mon, 18 Jan 2021 11:16:15 :INFO:parsing file: [./yaml_config/classification_antispoof.yml]
Mon, 18 Jan 2021 11:16:50 :INFO:parsing file: [./yaml_config/classification_antispoof.yml]
Mon, 18 Jan 2021 11:17:45 :INFO:parsing file: [./yaml_config/classification_antispoof.yml]
Mon, 18 Jan 2021 11:18:01 :INFO:parsing file: [./yaml_config/classification_antispoof.yml]
Mon, 18 Jan 2021 11:20:21 :INFO:parsing file: [./yaml_config/classification_antispoof.yml]
Mon, 18 Jan 2021 11:21:14 :INFO:parsing file: [./yaml_config/classification_antispoof.yml]
Mon, 18 Jan 2021 11:23:15 :INFO:parsing file: [./yaml_config/classification_antispoof.yml]
Mon, 18 Jan 2021 14:04:45 :INFO:parsing file: [./yaml_config/classification_antispoof_pgrey.yml]
Mon, 18 Jan 2021 14:05:02 :INFO:parsing file: [./yaml_config/classification_antispoof.yml]
Mon, 18 Jan 2021 14:08:41 :INFO:parsing file: [./yaml_config/classification_antispoof_pgrey.yml]
Mon, 18 Jan 2021 14:08:44 :INFO:parsing file: [./yaml_config/classification_antispoof.yml]
Mon, 18 Jan 2021 14:11:49 :INFO:parsing file: [./yaml_config/classification_antispoof.yml]
Mon, 18 Jan 2021 14:19:52 :INFO:parsing file: [./yaml_config/classification_antispoof_pgrey.yml]
Mon, 18 Jan 2021 14:19:55 :INFO:parsing file: [./yaml_config/classification_antispoof.yml]
Mon, 18 Jan 2021 15:08:53 :INFO:parsing file: [./yaml_config/classification_antispoof.yml]
Mon, 18 Jan 2021 15:09:37 :INFO:parsing file: [./yaml_config/classification_antispoof.yml]
Mon, 18 Jan 2021 17:09:01 :INFO:parsing file: [./yaml_config/classification_antispoof_pgrey.yml]
Mon, 18 Jan 2021 17:09:45 :INFO:parsing file: [./yaml_config/classification_antispoof.yml]
Mon, 18 Jan 2021 17:10:13 :INFO:parsing file: [./yaml_config/classification_antispoof_pgrey.yml]
Mon, 18 Jan 2021 17:10:15 :INFO:parsing file: [./yaml_config/classification_antispoof.yml]
Mon, 18 Jan 2021 17:11:30 :INFO:parsing file: [./yaml_config/classification_antispoof_pgrey.yml]
Mon, 18 Jan 2021 17:11:33 :INFO:parsing file: [./yaml_config/classification_antispoof.yml]
Mon, 18 Jan 2021 17:11:59 :INFO:parsing file: [./yaml_config/classification_antispoof_pgrey.yml]
Mon, 18 Jan 2021 17:12:02 :INFO:parsing file: [./yaml_config/classification_antispoof.yml]
Mon, 18 Jan 2021 17:13:48 :INFO:parsing file: [./yaml_config/classification_antispoof_pgrey.yml]
Mon, 18 Jan 2021 17:13:51 :INFO:parsing file: [./yaml_config/classification_antispoof.yml]
Mon, 18 Jan 2021 17:14:19 :INFO:parsing file: [./yaml_config/classification_antispoof.yml]
Mon, 18 Jan 2021 18:02:57 :INFO:parsing file: [./yaml_config/classification_antispoof_pgrey.yml]
Mon, 18 Jan 2021 18:03:44 :INFO:parsing file: [./yaml_config/classification_antispoof_pgrey.yml]
Mon, 18 Jan 2021 18:04:12 :INFO:parsing file: [./yaml_config/classification_antispoof.yml]
Mon, 18 Jan 2021 18:04:37 :INFO:parsing file: [./yaml_config/classification_antispoof_pgrey.yml]
Mon, 18 Jan 2021 18:04:40 :INFO:parsing file: [./yaml_config/classification_antispoof.yml]
Mon, 18 Jan 2021 18:05:15 :INFO:parsing file: [./yaml_config/classification_antispoof_pgrey.yml]
Mon, 18 Jan 2021 18:05:18 :INFO:parsing file: [./yaml_config/classification_antispoof.yml]
Mon, 18 Jan 2021 18:06:49 :INFO:parsing file: [./yaml_config/classification_antispoof_pgrey.yml]
Mon, 18 Jan 2021 18:06:52 :INFO:parsing file: [./yaml_config/classification_antispoof.yml]
Mon, 18 Jan 2021 18:07:23 :INFO:parsing file: [./yaml_config/classification_antispoof_pgrey.yml]
Mon, 18 Jan 2021 18:07:26 :INFO:parsing file: [./yaml_config/classification_antispoof.yml]
Mon, 18 Jan 2021 19:52:40 :INFO:parsing file: [./yaml_config/classification_antispoof_pgrey.yml]
Mon, 18 Jan 2021 19:52:44 :INFO:parsing file: [./yaml_config/classification_antispoof.yml]
Mon, 18 Jan 2021 21:00:31 :INFO:parsing file: [./yaml_config/classification_antispoof.yml]
Mon, 18 Jan 2021 21:39:27 :INFO:parsing file: [./yaml_config/classification_antispoof.yml]
Mon, 18 Jan 2021 21:41:33 :INFO:parsing file: [./yaml_config/classification_antispoof_pgrey.yml]
Mon, 18 Jan 2021 21:41:37 :INFO:parsing file: [./yaml_config/classification_antispoof.yml]
Tue, 19 Jan 2021 10:11:48 :INFO:parsing file: [./yaml_config/face_embedding_v2.yml]
Tue, 19 Jan 2021 10:16:47 :INFO:parsing file: [./yaml_config/face_embedding_v2.yml]
Tue, 19 Jan 2021 10:23:36 :INFO:parsing file: [./yaml_config/face_embedding_v2.yml]
Tue, 19 Jan 2021 10:35:23 :INFO:parsing file: [./yaml_config/face_embedding_v2.yml]
Tue, 19 Jan 2021 10:45:06 :INFO:parsing file: [./yaml_config/face_embedding_v2.yml]
Tue, 19 Jan 2021 10:46:19 :INFO:parsing file: [./yaml_config/face_embedding_v2.yml]
Tue, 19 Jan 2021 10:47:28 :INFO:parsing file: [./yaml_config/face_embedding_v2.yml]
Tue, 19 Jan 2021 10:53:21 :INFO:parsing file: [./yaml_config/face_embedding_v2.yml]
Tue, 19 Jan 2021 10:54:22 :INFO:parsing file: [./yaml_config/face_embedding_v2.yml]
Tue, 19 Jan 2021 10:55:50 :INFO:parsing file: [./yaml_config/face_embedding_v2.yml]
Tue, 19 Jan 2021 10:57:23 :INFO:parsing file: [./yaml_config/face_embedding_v2.yml]
Tue, 19 Jan 2021 10:58:16 :INFO:parsing file: [./yaml_config/face_embedding_v2.yml]
Tue, 19 Jan 2021 11:01:42 :INFO:parsing file: [./yaml_config/face_embedding_v2.yml]
Tue, 19 Jan 2021 11:04:46 :INFO:parsing file: [./yaml_config/face_embedding_v2.yml]
Tue, 19 Jan 2021 11:07:34 :INFO:parsing file: [./yaml_config/face_embedding_v2.yml]
Tue, 19 Jan 2021 11:10:31 :INFO:parsing file: [./yaml_config/face_embedding_v2.yml]
Tue, 19 Jan 2021 11:46:45 :INFO:parsing file: [./yaml_config/face_embedding_v2.yml]
Tue, 19 Jan 2021 11:48:07 :INFO:parsing file: [./yaml_config/face_embedding_v2.yml]
Tue, 19 Jan 2021 11:50:24 :INFO:parsing file: [./yaml_config/face_embedding_v2.yml]
Tue, 19 Jan 2021 11:52:23 :INFO:parsing file: [./yaml_config/face_embedding_v2.yml]
Tue, 19 Jan 2021 11:55:00 :INFO:parsing file: [./yaml_config/face_embedding_v2.yml]
Tue, 19 Jan 2021 11:57:14 :INFO:parsing file: [./yaml_config/face_embedding_v2.yml]
Tue, 19 Jan 2021 11:59:21 :INFO:parsing file: [./yaml_config/face_embedding_v2.yml]
Tue, 19 Jan 2021 14:04:34 :INFO:parsing file: [./yaml_config/classification_antispoof.yml]
Tue, 19 Jan 2021 14:47:59 :INFO:parsing file: [./yaml_config/classification_antispoof.yml]
Tue, 19 Jan 2021 14:49:40 :INFO:parsing file: [./yaml_config/classification_antispoof.yml]
Tue, 19 Jan 2021 14:50:32 :INFO:parsing file: [./yaml_config/classification_antispoof.yml]
Tue, 19 Jan 2021 14:52:20 :INFO:parsing file: [./yaml_config/classification_antispoof.yml]
Tue, 19 Jan 2021 15:01:34 :INFO:parsing file: [./yaml_config/classification_antispoof.yml]
Tue, 19 Jan 2021 15:01:55 :INFO:parsing file: [./yaml_config/classification_antispoof.yml]
Tue, 19 Jan 2021 15:05:13 :INFO:parsing file: [./yaml_config/classification_antispoof.yml]
Tue, 19 Jan 2021 15:06:03 :INFO:parsing file: [./yaml_config/classification_antispoof.yml]
Tue, 19 Jan 2021 15:06:57 :INFO:parsing file: [./yaml_config/classification_antispoof.yml]
Tue, 19 Jan 2021 15:07:23 :INFO:parsing file: [./yaml_config/classification_antispoof.yml]
Tue, 19 Jan 2021 15:07:40 :INFO:parsing file: [./yaml_config/classification_antispoof.yml]
Tue, 19 Jan 2021 15:07:57 :INFO:parsing file: [./yaml_config/classification_antispoof.yml]
Tue, 19 Jan 2021 15:12:25 :INFO:parsing file: [./yaml_config/classification_antispoof.yml]
Tue, 19 Jan 2021 15:13:00 :INFO:parsing file: [./yaml_config/classification_antispoof.yml]
Tue, 19 Jan 2021 15:13:52 :INFO:parsing file: [./yaml_config/classification_antispoof.yml]
Tue, 19 Jan 2021 15:14:24 :INFO:parsing file: [./yaml_config/classification_antispoof.yml]
Tue, 19 Jan 2021 15:14:38 :INFO:parsing file: [./yaml_config/classification_antispoof.yml]
Tue, 19 Jan 2021 15:14:58 :INFO:parsing file: [./yaml_config/classification_antispoof.yml]
Tue, 19 Jan 2021 15:20:30 :INFO:parsing file: [./yaml_config/classification_antispoof.yml]
Tue, 19 Jan 2021 15:23:09 :INFO:parsing file: [./yaml_config/classification_antispoof.yml]
Tue, 19 Jan 2021 15:24:38 :INFO:parsing file: [./yaml_config/classification_antispoof.yml]
Tue, 19 Jan 2021 15:37:11 :INFO:parsing file: [./yaml_config/classification_antispoof.yml]
Tue, 19 Jan 2021 15:44:55 :INFO:parsing file: [./yaml_config/classification_antispoof.yml]
Tue, 19 Jan 2021 15:47:50 :INFO:parsing file: [./yaml_config/classification_antispoof.yml]
Tue, 19 Jan 2021 15:50:08 :INFO:parsing file: [./yaml_config/classification_antispoof.yml]
Tue, 19 Jan 2021 15:50:39 :INFO:parsing file: [./yaml_config/classification_antispoof.yml]
Tue, 19 Jan 2021 16:18:52 :INFO:parsing file: [./yaml_config/classification_antispoof_pgrey.yml]
Tue, 19 Jan 2021 16:18:56 :INFO:parsing file: [./yaml_config/classification_antispoof.yml]
Tue, 19 Jan 2021 16:19:15 :INFO:parsing file: [./yaml_config/classification_antispoof_pgrey.yml]
Tue, 19 Jan 2021 16:19:20 :INFO:parsing file: [./yaml_config/classification_antispoof.yml]
Tue, 19 Jan 2021 16:21:52 :INFO:parsing file: [./yaml_config/classification_antispoof_pgrey.yml]
Tue, 19 Jan 2021 16:21:57 :INFO:parsing file: [./yaml_config/classification_antispoof.yml]
Tue, 19 Jan 2021 16:22:08 :INFO:parsing file: [./yaml_config/classification_antispoof_pgrey.yml]
Tue, 19 Jan 2021 16:22:13 :INFO:parsing file: [./yaml_config/classification_antispoof.yml]
Tue, 19 Jan 2021 16:23:21 :INFO:parsing file: [./yaml_config/classification_antispoof_pgrey.yml]
Tue, 19 Jan 2021 16:23:26 :INFO:parsing file: [./yaml_config/classification_antispoof.yml]
Tue, 19 Jan 2021 16:26:51 :INFO:parsing file: [./yaml_config/classification_antispoof_pgrey.yml]
Tue, 19 Jan 2021 16:26:57 :INFO:parsing file: [./yaml_config/classification_antispoof.yml]
Tue, 19 Jan 2021 16:27:28 :INFO:parsing file: [./yaml_config/classification_antispoof_pgrey.yml]
Tue, 19 Jan 2021 16:27:33 :INFO:parsing file: [./yaml_config/classification_antispoof.yml]
Tue, 19 Jan 2021 16:33:33 :INFO:parsing file: [./yaml_config/classification_antispoof_pgrey.yml]
Tue, 19 Jan 2021 16:33:40 :INFO:parsing file: [./yaml_config/classification_antispoof.yml]
Tue, 19 Jan 2021 16:51:55 :INFO:parsing file: [./yaml_config/classification_antispoof.yml]
Tue, 19 Jan 2021 16:53:21 :INFO:parsing file: [./yaml_config/classification_antispoof_pgrey.yml]
Tue, 19 Jan 2021 16:53:27 :INFO:parsing file: [./yaml_config/classification_antispoof.yml]
Tue, 19 Jan 2021 16:55:26 :INFO:parsing file: [./yaml_config/classification_antispoof.yml]
Tue, 19 Jan 2021 16:55:51 :INFO:parsing file: [./yaml_config/classification_antispoof.yml]
Tue, 19 Jan 2021 16:57:58 :INFO:parsing file: [./yaml_config/classification_antispoof.yml]
Tue, 19 Jan 2021 17:00:22 :INFO:parsing file: [./yaml_config/classification_antispoof.yml]
Tue, 19 Jan 2021 17:01:05 :INFO:parsing file: [./yaml_config/classification_antispoof.yml]
Tue, 19 Jan 2021 17:01:58 :INFO:parsing file: [./yaml_config/classification_antispoof.yml]
Tue, 19 Jan 2021 17:03:02 :INFO:parsing file: [./yaml_config/classification_antispoof.yml]
Tue, 19 Jan 2021 17:04:25 :INFO:parsing file: [./yaml_config/classification_antispoof_pgrey.yml]
Tue, 19 Jan 2021 17:04:32 :INFO:parsing file: [./yaml_config/classification_antispoof.yml]
Tue, 19 Jan 2021 17:06:08 :INFO:parsing file: [./yaml_config/classification_antispoof_pgrey.yml]
Tue, 19 Jan 2021 17:06:17 :INFO:parsing file: [./yaml_config/classification_antispoof.yml]
Tue, 19 Jan 2021 17:12:47 :INFO:parsing file: [./yaml_config/classification_antispoof_pgrey.yml]
Tue, 19 Jan 2021 17:13:10 :INFO:parsing file: [./yaml_config/classification_antispoof_pgrey.yml]
Tue, 19 Jan 2021 17:14:04 :INFO:parsing file: [./yaml_config/classification_antispoof_pgrey.yml]
Tue, 19 Jan 2021 17:14:35 :INFO:parsing file: [./yaml_config/classification_antispoof_pgrey.yml]
Tue, 19 Jan 2021 17:15:13 :INFO:parsing file: [./yaml_config/classification_antispoof.yml]
Tue, 19 Jan 2021 17:16:35 :INFO:parsing file: [./yaml_config/classification_antispoof_pgrey.yml]
Tue, 19 Jan 2021 17:16:42 :INFO:parsing file: [./yaml_config/classification_antispoof.yml]
Tue, 19 Jan 2021 17:17:23 :INFO:parsing file: [./yaml_config/classification_antispoof_pgrey.yml]
Tue, 19 Jan 2021 17:17:29 :INFO:parsing file: [./yaml_config/classification_antispoof.yml]
Tue, 19 Jan 2021 17:19:31 :INFO:parsing file: [./yaml_config/classification_antispoof_pgrey.yml]
Tue, 19 Jan 2021 17:19:36 :INFO:parsing file: [./yaml_config/classification_antispoof.yml]
Tue, 19 Jan 2021 17:20:37 :INFO:parsing file: [./yaml_config/classification_antispoof.yml]
Tue, 19 Jan 2021 17:21:24 :INFO:parsing file: [./yaml_config/classification_antispoof.yml]
Tue, 19 Jan 2021 17:21:43 :INFO:parsing file: [./yaml_config/classification_antispoof.yml]
Tue, 19 Jan 2021 17:23:40 :INFO:parsing file: [./yaml_config/classification_antispoof.yml]
Tue, 19 Jan 2021 17:24:44 :INFO:parsing file: [./yaml_config/classification_antispoof.yml]
Tue, 19 Jan 2021 17:25:59 :INFO:parsing file: [./yaml_config/classification_antispoof.yml]
Tue, 19 Jan 2021 17:30:36 :INFO:parsing file: [./yaml_config/classification_antispoof.yml]
Tue, 19 Jan 2021 18:13:52 :INFO:parsing file: [./yaml_config/classification_antispoof_pgrey.yml]
Tue, 19 Jan 2021 18:14:43 :INFO:parsing file: [./yaml_config/classification_antispoof.yml]
Tue, 19 Jan 2021 18:15:30 :INFO:parsing file: [./yaml_config/classification_antispoof_pgrey.yml]
Tue, 19 Jan 2021 18:15:36 :INFO:parsing file: [./yaml_config/classification_antispoof.yml]
Tue, 19 Jan 2021 18:18:10 :INFO:parsing file: [./yaml_config/classification_antispoof_pgrey.yml]
Tue, 19 Jan 2021 18:18:15 :INFO:parsing file: [./yaml_config/classification_antispoof.yml]
Tue, 19 Jan 2021 18:18:59 :INFO:parsing file: [./yaml_config/classification_antispoof_pgrey.yml]
Tue, 19 Jan 2021 18:19:04 :INFO:parsing file: [./yaml_config/classification_antispoof.yml]
Tue, 19 Jan 2021 18:20:14 :INFO:parsing file: [./yaml_config/classification_antispoof_pgrey.yml]
Tue, 19 Jan 2021 18:20:19 :INFO:parsing file: [./yaml_config/classification_antispoof.yml]
Tue, 19 Jan 2021 18:20:43 :INFO:parsing file: [./yaml_config/classification_antispoof_pgrey.yml]
Tue, 19 Jan 2021 18:20:48 :INFO:parsing file: [./yaml_config/classification_antispoof.yml]
Tue, 19 Jan 2021 18:23:42 :INFO:parsing file: [./yaml_config/classification_antispoof_pgrey.yml]
Tue, 19 Jan 2021 18:23:47 :INFO:parsing file: [./yaml_config/classification_antispoof.yml]
Tue, 19 Jan 2021 18:27:55 :INFO:parsing file: [./yaml_config/classification_antispoof_pgrey.yml]
Tue, 19 Jan 2021 18:28:01 :INFO:parsing file: [./yaml_config/classification_antispoof.yml]
Tue, 19 Jan 2021 18:28:53 :INFO:parsing file: [./yaml_config/classification_antispoof_pgrey.yml]
Tue, 19 Jan 2021 18:28:59 :INFO:parsing file: [./yaml_config/classification_antispoof.yml]
Tue, 19 Jan 2021 18:29:59 :INFO:parsing file: [./yaml_config/classification_antispoof_pgrey.yml]
Tue, 19 Jan 2021 18:30:05 :INFO:parsing file: [./yaml_config/classification_antispoof.yml]
Tue, 19 Jan 2021 18:31:00 :INFO:parsing file: [./yaml_config/classification_antispoof_pgrey.yml]
Tue, 19 Jan 2021 18:31:07 :INFO:parsing file: [./yaml_config/classification_antispoof.yml]
Tue, 19 Jan 2021 19:05:26 :INFO:parsing file: [./yaml_config/classification_antispoof_pgrey.yml]
Tue, 19 Jan 2021 19:05:32 :INFO:parsing file: [./yaml_config/classification_antispoof.yml]
Tue, 19 Jan 2021 19:07:13 :INFO:parsing file: [./yaml_config/classification_antispoof_pgrey.yml]
Tue, 19 Jan 2021 19:07:19 :INFO:parsing file: [./yaml_config/classification_antispoof.yml]
Tue, 19 Jan 2021 19:07:42 :INFO:parsing file: [./yaml_config/classification_antispoof_pgrey.yml]
Tue, 19 Jan 2021 19:07:48 :INFO:parsing file: [./yaml_config/classification_antispoof.yml]
Tue, 19 Jan 2021 19:08:04 :INFO:parsing file: [./yaml_config/classification_antispoof_pgrey.yml]
Tue, 19 Jan 2021 19:08:10 :INFO:parsing file: [./yaml_config/classification_antispoof.yml]
Tue, 19 Jan 2021 19:57:38 :INFO:parsing file: [./yaml_config/classification_antispoof.yml]
Tue, 19 Jan 2021 21:53:40 :INFO:parsing file: [./yaml_config/classification_antispoof_pgrey.yml]
Tue, 19 Jan 2021 21:53:47 :INFO:parsing file: [./yaml_config/classification_antispoof.yml]
Tue, 19 Jan 2021 21:54:49 :INFO:parsing file: [./yaml_config/classification_antispoof_pgrey.yml]
Tue, 19 Jan 2021 21:54:55 :INFO:parsing file: [./yaml_config/classification_antispoof.yml]
Tue, 19 Jan 2021 21:56:36 :INFO:parsing file: [./yaml_config/classification_antispoof_pgrey.yml]
Tue, 19 Jan 2021 21:56:42 :INFO:parsing file: [./yaml_config/classification_antispoof.yml]
Tue, 19 Jan 2021 21:57:19 :INFO:parsing file: [./yaml_config/classification_antispoof_pgrey.yml]
Tue, 19 Jan 2021 21:57:25 :INFO:parsing file: [./yaml_config/classification_antispoof.yml]
Tue, 19 Jan 2021 21:59:38 :INFO:parsing file: [./yaml_config/classification_antispoof_pgrey.yml]
Tue, 19 Jan 2021 21:59:44 :INFO:parsing file: [./yaml_config/classification_antispoof.yml]
Tue, 19 Jan 2021 22:01:14 :INFO:parsing file: [./yaml_config/classification_antispoof_pgrey.yml]
Tue, 19 Jan 2021 22:01:20 :INFO:parsing file: [./yaml_config/classification_antispoof.yml]
Tue, 19 Jan 2021 22:02:46 :INFO:parsing file: [./yaml_config/classification_antispoof_pgrey.yml]
Tue, 19 Jan 2021 22:02:54 :INFO:parsing file: [./yaml_config/classification_antispoof_pgrey.yml]
Tue, 19 Jan 2021 22:03:00 :INFO:parsing file: [./yaml_config/classification_antispoof.yml]
Tue, 19 Jan 2021 22:06:02 :INFO:parsing file: [./yaml_config/classification_antispoof_pgrey.yml]
Tue, 19 Jan 2021 22:07:56 :INFO:parsing file: [./yaml_config/classification_antispoof.yml]
Tue, 19 Jan 2021 22:19:24 :INFO:parsing file: [./yaml_config/classification_antispoof_pgrey.yml]
Tue, 19 Jan 2021 22:19:30 :INFO:parsing file: [./yaml_config/classification_antispoof.yml]
Tue, 19 Jan 2021 22:20:45 :INFO:parsing file: [./yaml_config/classification_antispoof_pgrey.yml]
Tue, 19 Jan 2021 22:20:51 :INFO:parsing file: [./yaml_config/classification_antispoof.yml]
Tue, 19 Jan 2021 22:23:15 :INFO:parsing file: [./yaml_config/classification_antispoof_pgrey.yml]
Tue, 19 Jan 2021 22:23:21 :INFO:parsing file: [./yaml_config/classification_antispoof.yml]
Tue, 19 Jan 2021 22:24:22 :INFO:parsing file: [./yaml_config/classification_antispoof_pgrey.yml]
Tue, 19 Jan 2021 22:24:28 :INFO:parsing file: [./yaml_config/classification_antispoof.yml]
Tue, 19 Jan 2021 22:26:56 :INFO:parsing file: [./yaml_config/classification_antispoof.yml]
Wed, 20 Jan 2021 10:02:39 :INFO:parsing file: [./yaml_config/classification_antispoof_pgrey.yml]
Wed, 20 Jan 2021 10:02:46 :INFO:parsing file: [./yaml_config/classification_antispoof.yml]
Wed, 20 Jan 2021 10:04:39 :INFO:parsing file: [./yaml_config/classification_antispoof_pgrey.yml]
Wed, 20 Jan 2021 10:04:46 :INFO:parsing file: [./yaml_config/classification_antispoof.yml]
Wed, 20 Jan 2021 10:05:27 :INFO:parsing file: [./yaml_config/classification_antispoof_pgrey.yml]
Wed, 20 Jan 2021 10:05:34 :INFO:parsing file: [./yaml_config/classification_antispoof.yml]
Wed, 20 Jan 2021 10:06:47 :INFO:parsing file: [./yaml_config/classification_antispoof_pgrey.yml]
Wed, 20 Jan 2021 10:06:54 :INFO:parsing file: [./yaml_config/classification_antispoof.yml]
Wed, 20 Jan 2021 10:12:42 :INFO:parsing file: [./yaml_config/classification_antispoof_pgrey.yml]
Wed, 20 Jan 2021 10:12:48 :INFO:parsing file: [./yaml_config/classification_antispoof.yml]
Wed, 20 Jan 2021 10:14:11 :INFO:parsing file: [./yaml_config/classification_antispoof_pgrey.yml]
Wed, 20 Jan 2021 10:14:17 :INFO:parsing file: [./yaml_config/classification_antispoof.yml]
Wed, 20 Jan 2021 10:17:38 :INFO:parsing file: [./yaml_config/classification_antispoof_pgrey.yml]
Wed, 20 Jan 2021 10:17:45 :INFO:parsing file: [./yaml_config/classification_antispoof.yml]
Wed, 20 Jan 2021 11:19:59 :INFO:parsing file: [./yaml_config/classification_antispoof_pgrey.yml]
Wed, 20 Jan 2021 11:20:06 :INFO:parsing file: [./yaml_config/classification_antispoof.yml]
Wed, 20 Jan 2021 11:20:46 :INFO:parsing file: [./yaml_config/classification_antispoof_pgrey.yml]
Wed, 20 Jan 2021 11:20:52 :INFO:parsing file: [./yaml_config/classification_antispoof.yml]
Wed, 20 Jan 2021 11:21:51 :INFO:parsing file: [./yaml_config/classification_antispoof_pgrey.yml]
Wed, 20 Jan 2021 11:21:57 :INFO:parsing file: [./yaml_config/classification_antispoof.yml]
Wed, 20 Jan 2021 11:23:52 :INFO:parsing file: [./yaml_config/classification_antispoof_pgrey.yml]
Wed, 20 Jan 2021 11:23:58 :INFO:parsing file: [./yaml_config/classification_antispoof.yml]
Wed, 20 Jan 2021 11:27:43 :INFO:parsing file: [./yaml_config/classification_antispoof_pgrey.yml]
Wed, 20 Jan 2021 11:29:46 :INFO:parsing file: [./yaml_config/classification_antispoof.yml]
Wed, 20 Jan 2021 11:33:28 :INFO:parsing file: [./yaml_config/classification_antispoof.yml]
Wed, 20 Jan 2021 11:39:51 :INFO:parsing file: [./yaml_config/classification_antispoof_pgrey.yml]
Wed, 20 Jan 2021 11:41:42 :INFO:parsing file: [./yaml_config/classification_antispoof_pgrey.yml]
Wed, 20 Jan 2021 11:44:26 :INFO:parsing file: [./yaml_config/classification_antispoof_pgrey.yml]
Wed, 20 Jan 2021 13:57:18 :INFO:parsing file: [./yaml_config/face_embedding_v2.yml]
Wed, 20 Jan 2021 14:02:08 :INFO:parsing file: [./yaml_config/face_embedding_v2.yml]
Wed, 20 Jan 2021 14:02:26 :INFO:parsing file: [./yaml_config/face_embedding_v2.yml]
Wed, 20 Jan 2021 14:02:50 :INFO:parsing file: [./yaml_config/face_embedding_v2.yml]
Wed, 20 Jan 2021 14:04:47 :INFO:parsing file: [./yaml_config/face_embedding_v2.yml]
Wed, 20 Jan 2021 14:08:38 :INFO:parsing file: [./yaml_config/face_embedding_v2.yml]
Wed, 20 Jan 2021 14:10:02 :INFO:parsing file: [./yaml_config/face_embedding_v2.yml]
Wed, 20 Jan 2021 14:10:48 :INFO:parsing file: [./yaml_config/face_embedding_v2.yml]
Wed, 20 Jan 2021 14:11:57 :INFO:parsing file: [./yaml_config/face_embedding_v2.yml]
Wed, 20 Jan 2021 14:12:48 :INFO:parsing file: [./yaml_config/face_embedding_v2.yml]
Wed, 20 Jan 2021 14:13:23 :INFO:parsing file: [./yaml_config/face_embedding_v2.yml]
Wed, 20 Jan 2021 14:19:31 :INFO:parsing file: [./yaml_config/face_embedding_v2.yml]
Wed, 20 Jan 2021 14:20:00 :INFO:parsing file: [./yaml_config/face_embedding_v2.yml]
Wed, 20 Jan 2021 14:20:49 :INFO:parsing file: [./yaml_config/face_embedding_v2.yml]
Wed, 20 Jan 2021 14:21:21 :INFO:parsing file: [./yaml_config/face_embedding_v2.yml]
Wed, 20 Jan 2021 14:22:15 :INFO:parsing file: [./yaml_config/face_embedding_v2.yml]
Wed, 20 Jan 2021 14:22:53 :INFO:parsing file: [./yaml_config/face_embedding_v2.yml]
Wed, 20 Jan 2021 14:26:46 :INFO:parsing file: [./yaml_config/face_embedding_v2.yml]
Wed, 20 Jan 2021 14:30:21 :INFO:parsing file: [./yaml_config/face_embedding_v2.yml]
Wed, 20 Jan 2021 14:36:56 :INFO:parsing file: [./yaml_config/face_embedding_v2.yml]
Wed, 20 Jan 2021 14:43:32 :INFO:parsing file: [./yaml_config/face_embedding_v2.yml]
Wed, 20 Jan 2021 14:46:06 :INFO:parsing file: [./yaml_config/face_embedding_v2.yml]
Wed, 20 Jan 2021 14:46:24 :INFO:parsing file: [./yaml_config/face_embedding_v2.yml]
Wed, 20 Jan 2021 14:48:36 :INFO:parsing file: [./yaml_config/face_embedding_v2.yml]
Wed, 20 Jan 2021 14:49:47 :INFO:parsing file: [./yaml_config/face_embedding_v2.yml]
Wed, 20 Jan 2021 14:52:21 :INFO:parsing file: [./yaml_config/face_embedding_v2.yml]
Wed, 20 Jan 2021 14:56:12 :INFO:parsing file: [./yaml_config/face_embedding_v2.yml]
Wed, 20 Jan 2021 14:57:46 :INFO:parsing file: [./yaml_config/face_embedding_v2.yml]
Wed, 20 Jan 2021 15:12:21 :INFO:parsing file: [./yaml_config/face_embedding_v2.yml]
Wed, 20 Jan 2021 18:59:55 :INFO:parsing file: [./yaml_config/face_embedding_v2.yml]
Wed, 20 Jan 2021 19:29:19 :INFO:parsing file: [./yaml_config/face_embedding_v2.yml]
Mon, 25 Jan 2021 15:14:02 :INFO:parsing file: [./yaml_config/face_embedding_v2.yml]
Mon, 25 Jan 2021 15:14:35 :INFO:parsing file: [./yaml_config/face_embedding_v2.yml]
Mon, 25 Jan 2021 15:17:34 :INFO:parsing file: [./yaml_config/face_embedding_v2.yml]
Mon, 25 Jan 2021 15:20:07 :INFO:parsing file: [./yaml_config/face_embedding_v2.yml]
Thu, 28 Jan 2021 22:34:27 :INFO:parsing file: [./temp/pipnet_landmark_contain/pipnet.yml]
Thu, 28 Jan 2021 22:35:30 :INFO:parsing file: [./temp/pipnet_landmark_contain/pipnet.yml]
Thu, 28 Jan 2021 22:35:51 :INFO:parsing file: [./temp/pipnet_landmark_contain/pipnet.yml]
Thu, 28 Jan 2021 22:36:43 :INFO:parsing file: [./temp/pipnet_landmark_contain/pipnet.yml]
Thu, 28 Jan 2021 22:37:26 :INFO:parsing file: [./temp/pipnet_landmark_contain/pipnet.yml]
Fri, 29 Jan 2021 10:49:44 :INFO:parsing file: [./temp/pipnet_landmark_contain/pipnet.yml]
Fri, 29 Jan 2021 10:52:12 :INFO:parsing file: [./temp/pipnet_landmark_contain/pipnet.yml]
Fri, 29 Jan 2021 10:53:26 :INFO:parsing file: [./temp/pipnet_landmark_contain/pipnet.yml]
Fri, 29 Jan 2021 10:55:10 :INFO:parsing file: [./temp/pipnet_landmark_contain/pipnet.yml]
Fri, 29 Jan 2021 10:55:29 :INFO:parsing file: [./temp/pipnet_landmark_contain/pipnet.yml]
Fri, 29 Jan 2021 11:10:46 :INFO:parsing file: [./temp/pipnet_landmark_contain/pipnet.yml]
Fri, 29 Jan 2021 12:06:16 :INFO:parsing file: [./temp/pipnet_landmark_contain/pipnet.yml]
Fri, 29 Jan 2021 12:09:44 :INFO:parsing file: [./temp/pipnet_landmark_contain/pipnet.yml]
Fri, 29 Jan 2021 12:10:00 :INFO:parsing file: [./temp/pipnet_landmark_contain/pipnet.yml]
Fri, 29 Jan 2021 14:49:10 :INFO:parsing file: [./temp/pipnet_landmark_contain/pipnet.yml]
Fri, 29 Jan 2021 14:49:19 :INFO:parsing file: [./temp/pipnet_landmark_contain/pipnet.yml]
Fri, 29 Jan 2021 14:52:46 :INFO:parsing file: [./temp/pipnet_landmark_contain/pipnet.yml]
Fri, 29 Jan 2021 14:53:08 :INFO:parsing file: [./temp/pipnet_landmark_contain/pipnet.yml]
Fri, 29 Jan 2021 14:53:29 :INFO:parsing file: [./temp/pipnet_landmark_contain/pipnet.yml]
Fri, 29 Jan 2021 15:00:59 :INFO:parsing file: [./temp/hopepose_contain/pose_detect_video.yml]
Fri, 29 Jan 2021 15:01:21 :INFO:parsing file: [./temp/hopepose_contain/pose_detect_video.yml]
Fri, 29 Jan 2021 15:02:29 :INFO:parsing file: [./temp/hopepose_contain/pose_detect_video.yml]
Fri, 29 Jan 2021 15:04:34 :INFO:parsing file: [./temp/hopepose_contain/pose_detect_video.yml]
Fri, 29 Jan 2021 15:05:28 :INFO:parsing file: [./temp/hopepose_contain/pose_detect_video.yml]
Fri, 29 Jan 2021 15:19:31 :INFO:parsing file: [./temp/pipnet_landmark_contain/pipnet.yml]
Fri, 29 Jan 2021 15:19:32 :INFO:parsing file: [./temp/hopepose_contain/pose_detect_video.yml]
Fri, 29 Jan 2021 15:23:59 :INFO:parsing file: [./temp/pipnet_landmark_contain/pipnet.yml]
Fri, 29 Jan 2021 15:24:01 :INFO:parsing file: [./temp/hopepose_contain/pose_detect_video.yml]
Fri, 29 Jan 2021 15:26:19 :INFO:parsing file: [./temp/pipnet_landmark_contain/pipnet.yml]
Fri, 29 Jan 2021 15:26:21 :INFO:parsing file: [./temp/hopepose_contain/pose_detect_video.yml]
Fri, 29 Jan 2021 15:26:48 :INFO:parsing file: [./temp/pipnet_landmark_contain/pipnet.yml]
Fri, 29 Jan 2021 15:26:50 :INFO:parsing file: [./temp/hopepose_contain/pose_detect_video.yml]
Fri, 29 Jan 2021 15:28:00 :INFO:parsing file: [./temp/pipnet_landmark_contain/pipnet.yml]
Fri, 29 Jan 2021 15:28:01 :INFO:parsing file: [./temp/hopepose_contain/pose_detect_video.yml]
Fri, 29 Jan 2021 15:28:26 :INFO:parsing file: [./temp/pipnet_landmark_contain/pipnet.yml]
Fri, 29 Jan 2021 15:28:27 :INFO:parsing file: [./temp/hopepose_contain/pose_detect_video.yml]
Fri, 29 Jan 2021 15:28:55 :INFO:parsing file: [./temp/pipnet_landmark_contain/pipnet.yml]
Fri, 29 Jan 2021 15:28:57 :INFO:parsing file: [./temp/hopepose_contain/pose_detect_video.yml]
Fri, 29 Jan 2021 15:32:43 :INFO:parsing file: [./temp/pipnet_landmark_contain/pipnet.yml]
Fri, 29 Jan 2021 15:32:45 :INFO:parsing file: [./temp/hopepose_contain/pose_detect_video.yml]
Fri, 29 Jan 2021 15:33:17 :INFO:parsing file: [./temp/pipnet_landmark_contain/pipnet.yml]
Fri, 29 Jan 2021 15:33:18 :INFO:parsing file: [./temp/hopepose_contain/pose_detect_video.yml]
Fri, 29 Jan 2021 15:34:18 :INFO:parsing file: [./temp/pipnet_landmark_contain/pipnet.yml]
Fri, 29 Jan 2021 15:34:19 :INFO:parsing file: [./temp/hopepose_contain/pose_detect_video.yml]
Fri, 29 Jan 2021 15:39:41 :INFO:parsing file: [./temp/pipnet_landmark_contain/pipnet.yml]
Fri, 29 Jan 2021 15:39:43 :INFO:parsing file: [./temp/hopepose_contain/pose_detect_video.yml]
Fri, 29 Jan 2021 15:43:27 :INFO:parsing file: [./temp/pipnet_landmark_contain/pipnet.yml]
Fri, 29 Jan 2021 15:43:29 :INFO:parsing file: [./temp/hopepose_contain/pose_detect_video.yml]
Fri, 29 Jan 2021 15:45:10 :INFO:parsing file: [./temp/pipnet_landmark_contain/pipnet.yml]
Fri, 29 Jan 2021 15:45:11 :INFO:parsing file: [./temp/hopepose_contain/pose_detect_video.yml]
Fri, 29 Jan 2021 15:54:55 :INFO:parsing file: [./temp/pipnet_landmark_contain/pipnet.yml]
Fri, 29 Jan 2021 15:54:57 :INFO:parsing file: [./temp/hopepose_contain/pose_detect_video.yml]
Fri, 29 Jan 2021 15:55:46 :INFO:parsing file: [./temp/pipnet_landmark_contain/pipnet.yml]
Fri, 29 Jan 2021 15:55:47 :INFO:parsing file: [./temp/hopepose_contain/pose_detect_video.yml]
Fri, 29 Jan 2021 16:00:08 :INFO:parsing file: [./temp/pipnet_landmark_contain/pipnet.yml]
Fri, 29 Jan 2021 16:00:10 :INFO:parsing file: [./temp/hopepose_contain/pose_detect_video.yml]
Fri, 29 Jan 2021 16:03:57 :INFO:parsing file: [./temp/pipnet_landmark_contain/pipnet.yml]
Fri, 29 Jan 2021 16:03:58 :INFO:parsing file: [./temp/hopepose_contain/pose_detect_video.yml]
Sun, 31 Jan 2021 11:08:51 :INFO:parsing file: [./temp/pipnet_landmark_contain/pipnet.yml]
Sun, 31 Jan 2021 11:22:10 :INFO:parsing file: [./temp/pipnet_landmark_contain/pipnet.yml]
Sun, 31 Jan 2021 11:22:13 :INFO:parsing file: [./temp/hopepose_contain/pose_detect_video.yml]
Sun, 31 Jan 2021 11:43:21 :INFO:parsing file: [./temp/pipnet_landmark_contain/pipnet.yml]
Sun, 31 Jan 2021 11:43:22 :INFO:parsing file: [./temp/hopepose_contain/pose_detect_video.yml]
Sun, 31 Jan 2021 12:05:01 :INFO:parsing file: [./temp/pipnet_landmark_contain/pipnet.yml]
Sun, 31 Jan 2021 12:05:03 :INFO:parsing file: [./temp/hopepose_contain/pose_detect_video.yml]
Sun, 31 Jan 2021 12:06:24 :INFO:parsing file: [./temp/pipnet_landmark_contain/pipnet.yml]
Sun, 31 Jan 2021 12:06:26 :INFO:parsing file: [./temp/hopepose_contain/pose_detect_video.yml]
Sun, 31 Jan 2021 12:54:06 :INFO:parsing file: [./temp/pipnet_landmark_contain/pipnet.yml]
Sun, 31 Jan 2021 12:54:09 :INFO:parsing file: [./temp/hopepose_contain/pose_detect_video.yml]
Sun, 31 Jan 2021 12:54:39 :INFO:parsing file: [./temp/pipnet_landmark_contain/pipnet.yml]
Sun, 31 Jan 2021 12:54:40 :INFO:parsing file: [./temp/hopepose_contain/pose_detect_video.yml]
Sun, 31 Jan 2021 13:16:32 :INFO:parsing file: [./temp/pipnet_landmark_contain/pipnet.yml]
Sun, 31 Jan 2021 13:16:33 :INFO:parsing file: [./temp/hopepose_contain/pose_detect_video.yml]
Sun, 31 Jan 2021 13:23:25 :INFO:parsing file: [./temp/pipnet_landmark_contain/pipnet_r18.yml]
Sun, 31 Jan 2021 13:23:26 :INFO:parsing file: [./temp/hopepose_contain/pose_detect_video.yml]
Sun, 31 Jan 2021 13:23:50 :INFO:parsing file: [./temp/pipnet_landmark_contain/pipnet_r101.yml]
Sun, 31 Jan 2021 13:23:52 :INFO:parsing file: [./temp/hopepose_contain/pose_detect_video.yml]
Sun, 31 Jan 2021 13:29:38 :INFO:parsing file: [./temp/pipnet_landmark_contain/pipnet_r101.yml]
Sun, 31 Jan 2021 13:29:39 :INFO:parsing file: [./temp/hopepose_contain/pose_detect_video.yml]
Sun, 31 Jan 2021 13:43:55 :INFO:parsing file: [./temp/pipnet_landmark_contain/pipnet_r101.yml]
Sun, 31 Jan 2021 13:43:56 :INFO:parsing file: [./temp/hopepose_contain/pose_detect_video.yml]
Sun, 31 Jan 2021 13:49:11 :INFO:parsing file: [./temp/pipnet_landmark_contain/pipnet_r18.yml]
Sun, 31 Jan 2021 13:49:12 :INFO:parsing file: [./temp/hopepose_contain/pose_detect_video.yml]
Sun, 31 Jan 2021 13:50:20 :INFO:parsing file: [./temp/pipnet_landmark_contain/pipnet_r101.yml]
Sun, 31 Jan 2021 13:50:22 :INFO:parsing file: [./temp/hopepose_contain/pose_detect_video.yml]
Sun, 31 Jan 2021 13:54:52 :INFO:parsing file: [./temp/pipnet_landmark_contain/pipnet_r101.yml]
Sun, 31 Jan 2021 13:55:03 :INFO:parsing file: [./temp/pipnet_landmark_contain/pipnet_r101.yml]
Sun, 31 Jan 2021 13:55:05 :INFO:parsing file: [./temp/hopepose_contain/pose_detect_video.yml]
Sun, 31 Jan 2021 13:58:41 :INFO:parsing file: [./temp/pipnet_landmark_contain/pipnet_r101.yml]
Sun, 31 Jan 2021 13:58:42 :INFO:parsing file: [./temp/hopepose_contain/pose_detect_video.yml]
Sun, 31 Jan 2021 14:00:16 :INFO:parsing file: [./temp/pipnet_landmark_contain/pipnet_r101.yml]
Sun, 31 Jan 2021 14:00:17 :INFO:parsing file: [./temp/hopepose_contain/pose_detect_video.yml]
Sun, 31 Jan 2021 14:05:46 :INFO:parsing file: [./temp/pipnet_landmark_contain/pipnet_r18.yml]
Sun, 31 Jan 2021 14:05:47 :INFO:parsing file: [./temp/hopepose_contain/pose_detect_video.yml]
Sun, 31 Jan 2021 14:08:57 :INFO:parsing file: [./temp/pipnet_landmark_contain/pipnet_r18.yml]
Sun, 31 Jan 2021 14:08:59 :INFO:parsing file: [./temp/hopepose_contain/pose_detect_video.yml]
Sun, 31 Jan 2021 14:09:38 :INFO:parsing file: [./temp/pipnet_landmark_contain/pipnet_r18.yml]
Sun, 31 Jan 2021 14:09:40 :INFO:parsing file: [./temp/hopepose_contain/pose_detect_video.yml]
Sun, 31 Jan 2021 14:10:58 :INFO:parsing file: [./temp/pipnet_landmark_contain/pipnet_r18.yml]
Sun, 31 Jan 2021 14:10:59 :INFO:parsing file: [./temp/hopepose_contain/pose_detect_video.yml]
Mon, 01 Feb 2021 10:54:43 :INFO:parsing file: [./temp/pipnet_landmark_contain/pipnet_r18.yml]
Mon, 01 Feb 2021 10:55:19 :INFO:parsing file: [./temp/pipnet_landmark_contain/pipnet_r18.yml]
Mon, 01 Feb 2021 10:55:22 :INFO:parsing file: [./temp/hopepose_contain/pose_detect_video.yml]
Mon, 01 Feb 2021 10:59:43 :INFO:parsing file: [./temp/pipnet_landmark_contain/pipnet_r18.yml]
Mon, 01 Feb 2021 10:59:44 :INFO:parsing file: [./temp/hopepose_contain/pose_detect_video.yml]
Mon, 01 Feb 2021 11:00:06 :INFO:parsing file: [./temp/pipnet_landmark_contain/pipnet_r18.yml]
Mon, 01 Feb 2021 11:00:08 :INFO:parsing file: [./temp/hopepose_contain/pose_detect_video.yml]
Mon, 01 Feb 2021 11:03:00 :INFO:parsing file: [./temp/pipnet_landmark_contain/pipnet_r18.yml]
Mon, 01 Feb 2021 11:03:01 :INFO:parsing file: [./temp/hopepose_contain/pose_detect_video.yml]
Mon, 01 Feb 2021 11:08:45 :INFO:parsing file: [./temp/pipnet_landmark_contain/pipnet_r101.yml]
Mon, 01 Feb 2021 11:08:46 :INFO:parsing file: [./temp/hopepose_contain/pose_detect_video.yml]
Mon, 01 Feb 2021 11:09:11 :INFO:parsing file: [./temp/pipnet_landmark_contain/pipnet_r101.yml]
Mon, 01 Feb 2021 11:09:12 :INFO:parsing file: [./temp/hopepose_contain/pose_detect_video.yml]
Mon, 01 Feb 2021 11:13:47 :INFO:parsing file: [./temp/pipnet_landmark_contain/pipnet_r101.yml]
Mon, 01 Feb 2021 11:13:49 :INFO:parsing file: [./temp/hopepose_contain/pose_detect_video.yml]
Mon, 01 Feb 2021 11:17:33 :INFO:parsing file: [./temp/pipnet_landmark_contain/pipnet_r101.yml]
Mon, 01 Feb 2021 11:17:34 :INFO:parsing file: [./temp/hopepose_contain/pose_detect_video.yml]
Mon, 01 Feb 2021 11:22:41 :INFO:parsing file: [./temp/pipnet_landmark_contain/pipnet_r101.yml]
Mon, 01 Feb 2021 11:22:43 :INFO:parsing file: [./temp/hopepose_contain/pose_detect_video.yml]
Mon, 01 Feb 2021 11:43:16 :INFO:parsing file: [./temp/pipnet_landmark_contain/pipnet_r101.yml]
Mon, 01 Feb 2021 11:43:17 :INFO:parsing file: [./temp/hopepose_contain/pose_detect_video.yml]
Mon, 01 Feb 2021 11:58:09 :INFO:parsing file: [./temp/pipnet_landmark_contain/pipnet_r101.yml]
Mon, 01 Feb 2021 11:58:10 :INFO:parsing file: [./temp/hopepose_contain/pose_detect_video.yml]
Mon, 01 Feb 2021 12:00:17 :INFO:parsing file: [./temp/pipnet_landmark_contain/pipnet_r18.yml]
Mon, 01 Feb 2021 12:00:19 :INFO:parsing file: [./temp/hopepose_contain/pose_detect_video.yml]
Mon, 01 Feb 2021 15:10:35 :INFO:parsing file: [./yaml_config/face_embedding_v2.yml]
Mon, 01 Feb 2021 15:12:27 :INFO:parsing file: [./yaml_config/face_embedding_v2.yml]
Mon, 01 Feb 2021 15:20:29 :INFO:parsing file: [./yaml_config/face_embedding_v2.yml]
Mon, 01 Feb 2021 18:34:28 :INFO:parsing file: [./yaml_config/face_embedding_v2.yml]
Mon, 01 Feb 2021 18:34:44 :INFO:parsing file: [./yaml_config/face_embedding_v2.yml]
Mon, 01 Feb 2021 18:37:46 :INFO:parsing file: [./yaml_config/face_embedding_v2.yml]
Mon, 01 Feb 2021 18:39:03 :INFO:parsing file: [./yaml_config/face_embedding_v2.yml]
Mon, 01 Feb 2021 18:43:46 :INFO:parsing file: [./yaml_config/face_embedding_v2.yml]
Mon, 01 Feb 2021 18:44:12 :INFO:parsing file: [./yaml_config/face_embedding_v2.yml]
Mon, 01 Feb 2021 18:44:51 :INFO:parsing file: [./yaml_config/face_embedding_v2.yml]
Mon, 01 Feb 2021 18:45:29 :INFO:parsing file: [./yaml_config/face_embedding_v2.yml]
Mon, 01 Feb 2021 18:46:34 :INFO:parsing file: [./yaml_config/face_embedding_v2.yml]
Mon, 01 Feb 2021 18:46:41 :INFO:parsing file: [./yaml_config/face_embedding_v2.yml]
Mon, 01 Feb 2021 18:47:01 :INFO:parsing file: [./yaml_config/face_embedding_v2.yml]
Mon, 01 Feb 2021 18:48:57 :INFO:parsing file: [./yaml_config/face_embedding_v2.yml]
Mon, 01 Feb 2021 18:49:21 :INFO:parsing file: [./yaml_config/face_embedding_v2.yml]
Mon, 01 Feb 2021 18:51:04 :INFO:parsing file: [./yaml_config/face_embedding_v2.yml]
Mon, 01 Feb 2021 18:51:08 :INFO:parsing file: [./temp/hopepose_contain/pose_detect_video.yml]
Mon, 01 Feb 2021 18:52:14 :INFO:parsing file: [./yaml_config/face_embedding_v2.yml]
Mon, 01 Feb 2021 18:52:17 :INFO:parsing file: [./temp/hopepose_contain/pose_detect_video.yml]
Mon, 01 Feb 2021 18:52:32 :INFO:parsing file: [./yaml_config/face_embedding_v2.yml]
Mon, 01 Feb 2021 18:53:06 :INFO:parsing file: [./yaml_config/face_embedding_v2.yml]
Mon, 01 Feb 2021 18:53:09 :INFO:parsing file: [./temp/hopepose_contain/pose_detect_video.yml]
Mon, 01 Feb 2021 18:54:25 :INFO:parsing file: [./yaml_config/face_embedding_v2.yml]
Mon, 01 Feb 2021 18:54:28 :INFO:parsing file: [./temp/hopepose_contain/pose_detect_video.yml]
Mon, 01 Feb 2021 18:54:57 :INFO:parsing file: [./yaml_config/face_embedding_v2.yml]
Mon, 01 Feb 2021 18:55:00 :INFO:parsing file: [./temp/hopepose_contain/pose_detect_video.yml]
Mon, 01 Feb 2021 18:58:11 :INFO:parsing file: [./yaml_config/face_embedding_v2.yml]
Mon, 01 Feb 2021 18:58:14 :INFO:parsing file: [./temp/hopepose_contain/pose_detect_video.yml]
Mon, 01 Feb 2021 19:08:48 :INFO:parsing file: [./yaml_config/face_embedding_v2.yml]
Mon, 01 Feb 2021 19:08:51 :INFO:parsing file: [./temp/hopepose_contain/pose_detect_video.yml]
Mon, 01 Feb 2021 19:09:13 :INFO:parsing file: [./yaml_config/face_embedding_v2.yml]
Mon, 01 Feb 2021 19:09:16 :INFO:parsing file: [./temp/hopepose_contain/pose_detect_video.yml]
Mon, 01 Feb 2021 19:15:30 :INFO:parsing file: [./yaml_config/face_embedding_v2.yml]
Mon, 01 Feb 2021 19:15:33 :INFO:parsing file: [./temp/hopepose_contain/pose_detect_video.yml]
Mon, 01 Feb 2021 19:25:42 :INFO:parsing file: [./yaml_config/face_embedding_v2.yml]
Mon, 01 Feb 2021 19:25:45 :INFO:parsing file: [./temp/hopepose_contain/pose_detect_video.yml]
Mon, 01 Feb 2021 19:26:02 :INFO:parsing file: [./yaml_config/face_embedding_v2.yml]
Mon, 01 Feb 2021 19:26:05 :INFO:parsing file: [./temp/hopepose_contain/pose_detect_video.yml]
Mon, 01 Feb 2021 20:14:36 :INFO:parsing file: [./yaml_config/face_embedding_v2.yml]
Mon, 01 Feb 2021 20:15:07 :INFO:parsing file: [./yaml_config/face_embedding_v2.yml]
Mon, 01 Feb 2021 20:15:18 :INFO:parsing file: [./yaml_config/face_embedding_v2.yml]
Mon, 01 Feb 2021 20:15:22 :INFO:parsing file: [./temp/hopepose_contain/pose_detect_video.yml]
Mon, 01 Feb 2021 20:19:53 :INFO:parsing file: [./yaml_config/face_embedding_v2.yml]
Mon, 01 Feb 2021 20:19:56 :INFO:parsing file: [./temp/hopepose_contain/pose_detect_video.yml]
Mon, 01 Feb 2021 20:20:41 :INFO:parsing file: [./yaml_config/face_embedding_v2.yml]
Mon, 01 Feb 2021 20:20:44 :INFO:parsing file: [./temp/hopepose_contain/pose_detect_video.yml]
Mon, 01 Feb 2021 20:21:59 :INFO:parsing file: [./yaml_config/face_embedding_v2.yml]
Mon, 01 Feb 2021 20:22:02 :INFO:parsing file: [./temp/hopepose_contain/pose_detect_video.yml]
Mon, 01 Feb 2021 20:23:01 :INFO:parsing file: [./yaml_config/face_embedding_v2.yml]
Mon, 01 Feb 2021 20:23:04 :INFO:parsing file: [./temp/hopepose_contain/pose_detect_video.yml]
Mon, 01 Feb 2021 20:24:23 :INFO:parsing file: [./yaml_config/face_embedding_v2.yml]
Mon, 01 Feb 2021 20:24:26 :INFO:parsing file: [./temp/hopepose_contain/pose_detect_video.yml]
Mon, 01 Feb 2021 20:25:11 :INFO:parsing file: [./yaml_config/face_embedding_v2.yml]
Mon, 01 Feb 2021 20:25:14 :INFO:parsing file: [./temp/hopepose_contain/pose_detect_video.yml]
Mon, 01 Feb 2021 20:25:39 :INFO:parsing file: [./yaml_config/face_embedding_v2.yml]
Mon, 01 Feb 2021 20:25:42 :INFO:parsing file: [./temp/hopepose_contain/pose_detect_video.yml]
Mon, 01 Feb 2021 20:27:47 :INFO:parsing file: [./yaml_config/face_embedding_v2.yml]
Mon, 01 Feb 2021 20:27:50 :INFO:parsing file: [./temp/hopepose_contain/pose_detect_video.yml]
Mon, 01 Feb 2021 20:28:22 :INFO:parsing file: [./yaml_config/face_embedding_v2.yml]
Mon, 01 Feb 2021 20:28:25 :INFO:parsing file: [./temp/hopepose_contain/pose_detect_video.yml]
Mon, 01 Feb 2021 20:29:26 :INFO:parsing file: [./yaml_config/face_embedding_v2.yml]
Mon, 01 Feb 2021 20:29:29 :INFO:parsing file: [./temp/hopepose_contain/pose_detect_video.yml]
Mon, 01 Feb 2021 20:29:44 :INFO:parsing file: [./yaml_config/face_embedding_v2.yml]
Mon, 01 Feb 2021 20:29:47 :INFO:parsing file: [./temp/hopepose_contain/pose_detect_video.yml]
Mon, 01 Feb 2021 20:33:14 :INFO:parsing file: [./yaml_config/face_embedding_v2.yml]
Mon, 01 Feb 2021 20:33:17 :INFO:parsing file: [./temp/hopepose_contain/pose_detect_video.yml]
Mon, 01 Feb 2021 20:42:47 :INFO:parsing file: [./yaml_config/face_embedding_v2.yml]
Mon, 01 Feb 2021 20:42:50 :INFO:parsing file: [./temp/hopepose_contain/pose_detect_video.yml]
Mon, 01 Feb 2021 20:43:00 :INFO:parsing file: [./yaml_config/face_embedding_v2.yml]
Mon, 01 Feb 2021 20:43:03 :INFO:parsing file: [./temp/hopepose_contain/pose_detect_video.yml]
Mon, 01 Feb 2021 21:39:32 :INFO:parsing file: [./yaml_config/face_embedding_v2.yml]
Mon, 01 Feb 2021 21:40:36 :INFO:parsing file: [./yaml_config/face_embedding_v2.yml]
Mon, 01 Feb 2021 21:44:03 :INFO:parsing file: [./yaml_config/face_embedding_v2.yml]
Mon, 01 Feb 2021 21:45:08 :INFO:parsing file: [./yaml_config/face_embedding_v2.yml]
Mon, 01 Feb 2021 22:42:47 :INFO:parsing file: [./yaml_config/face_embedding_v2.yml]
Mon, 01 Feb 2021 22:44:27 :INFO:parsing file: [./yaml_config/face_embedding_v2.yml]
Mon, 01 Feb 2021 22:48:22 :INFO:parsing file: [./yaml_config/face_embedding_v2.yml]
Mon, 01 Feb 2021 22:48:27 :INFO:parsing file: [./temp/hopepose_contain/pose_detect_video.yml]
Mon, 01 Feb 2021 22:48:46 :INFO:parsing file: [./yaml_config/face_embedding_v2.yml]
Mon, 01 Feb 2021 22:49:25 :INFO:parsing file: [./yaml_config/face_embedding_v2.yml]
Mon, 01 Feb 2021 22:49:48 :INFO:parsing file: [./yaml_config/face_embedding_v2.yml]
Mon, 01 Feb 2021 22:50:06 :INFO:parsing file: [./yaml_config/face_embedding_v2.yml]
Mon, 01 Feb 2021 22:52:52 :INFO:parsing file: [./yaml_config/face_embedding_v2.yml]
Mon, 01 Feb 2021 22:57:03 :INFO:parsing file: [./yaml_config/face_embedding_v2.yml]
Mon, 01 Feb 2021 22:57:27 :INFO:parsing file: [./yaml_config/face_embedding_v2.yml]
Mon, 01 Feb 2021 22:58:49 :INFO:parsing file: [./yaml_config/face_embedding_v2.yml]
Mon, 01 Feb 2021 23:50:37 :INFO:parsing file: [./yaml_config/face_embedding_v2.yml]
Mon, 01 Feb 2021 23:52:43 :INFO:parsing file: [./yaml_config/face_embedding_v2.yml]
Mon, 01 Feb 2021 23:54:37 :INFO:parsing file: [./yaml_config/face_embedding_v2.yml]
Mon, 01 Feb 2021 23:57:44 :INFO:parsing file: [./yaml_config/face_embedding_v2.yml]
Tue, 02 Feb 2021 00:01:11 :INFO:parsing file: [./yaml_config/face_embedding_v2.yml]
Tue, 02 Feb 2021 00:01:27 :INFO:parsing file: [./yaml_config/face_embedding_v2.yml]
Tue, 02 Feb 2021 00:03:58 :INFO:parsing file: [./yaml_config/face_embedding_v2.yml]
Tue, 02 Feb 2021 00:04:39 :INFO:parsing file: [./yaml_config/face_embedding_v2.yml]
Tue, 02 Feb 2021 00:05:01 :INFO:parsing file: [./yaml_config/face_embedding_v2.yml]
Tue, 02 Feb 2021 00:06:16 :INFO:parsing file: [./yaml_config/face_embedding_v2.yml]
Tue, 02 Feb 2021 00:07:15 :INFO:parsing file: [./yaml_config/face_embedding_v2.yml]
Tue, 02 Feb 2021 11:26:35 :INFO:parsing file: [./yaml_config/face_embedding_v2.yml]
Tue, 02 Feb 2021 11:27:42 :INFO:parsing file: [./yaml_config/face_embedding_v2.yml]
Tue, 02 Feb 2021 11:33:07 :INFO:parsing file: [./yaml_config/face_embedding_v2.yml]
Tue, 02 Feb 2021 11:37:39 :INFO:parsing file: [./yaml_config/face_embedding_v2.yml]
Tue, 02 Feb 2021 11:46:21 :INFO:parsing file: [./yaml_config/face_embedding_v2.yml]
Tue, 02 Feb 2021 11:47:24 :INFO:parsing file: [./yaml_config/face_embedding_v2.yml]
Tue, 02 Feb 2021 11:48:47 :INFO:parsing file: [./yaml_config/face_embedding_v2.yml]
Tue, 02 Feb 2021 11:49:48 :INFO:parsing file: [./yaml_config/face_embedding_v2.yml]
Tue, 02 Feb 2021 11:53:13 :INFO:parsing file: [./yaml_config/face_embedding_v2.yml]
Tue, 02 Feb 2021 11:57:25 :INFO:parsing file: [./yaml_config/face_embedding_v2.yml]
Tue, 02 Feb 2021 12:01:08 :INFO:parsing file: [./yaml_config/face_embedding_v2.yml]
Tue, 02 Feb 2021 12:34:37 :INFO:parsing file: [./yaml_config/face_embedding_v2.yml]
Tue, 02 Feb 2021 12:45:51 :INFO:parsing file: [./yaml_config/face_embedding_v2.yml]
Mon, 22 Feb 2021 14:22:01 :INFO:parsing file: [./yaml_config/face_embedding_v2.yml]
Mon, 22 Feb 2021 14:25:01 :INFO:parsing file: [./yaml_config/face_embedding_v2.yml]
Mon, 22 Feb 2021 17:14:56 :INFO:parsing file: [./yaml_config/face_embedding_v2.yml]
Mon, 22 Feb 2021 17:15:33 :INFO:parsing file: [./yaml_config/face_embedding_v2.yml]
Mon, 22 Feb 2021 17:29:01 :INFO:parsing file: [./yaml_config/face_embedding_v2.yml]
Mon, 22 Feb 2021 17:33:36 :INFO:parsing file: [./yaml_config/face_embedding_v2.yml]
Mon, 22 Feb 2021 17:33:49 :INFO:parsing file: [./yaml_config/face_embedding_v2.yml]
Mon, 22 Feb 2021 17:34:02 :INFO:parsing file: [./yaml_config/face_embedding_v2.yml]
Mon, 22 Feb 2021 17:42:40 :INFO:parsing file: [./yaml_config/face_embedding_v2.yml]
Mon, 22 Feb 2021 17:42:52 :INFO:parsing file: [./yaml_config/face_embedding_v2.yml]
Mon, 22 Feb 2021 17:49:04 :INFO:parsing file: [./yaml_config/face_embedding_v2.yml]
Mon, 22 Feb 2021 17:50:27 :INFO:parsing file: [./yaml_config/face_embedding_v2.yml]
Mon, 22 Feb 2021 17:50:58 :INFO:parsing file: [./yaml_config/face_embedding_v2.yml]
Mon, 22 Feb 2021 17:51:25 :INFO:parsing file: [./yaml_config/face_embedding_v2.yml]
Mon, 22 Feb 2021 17:52:00 :INFO:parsing file: [./yaml_config/face_embedding_v2.yml]
Mon, 22 Feb 2021 17:53:32 :INFO:parsing file: [./yaml_config/face_embedding_v2.yml]
Mon, 22 Feb 2021 17:54:06 :INFO:parsing file: [./yaml_config/face_embedding_v2.yml]
Tue, 23 Feb 2021 10:25:24 :INFO:parsing file: [./yaml_config/face_embedding_v2.yml]
Tue, 23 Feb 2021 10:37:31 :INFO:parsing file: [./yaml_config/face_embedding_v2.yml]
Tue, 23 Feb 2021 11:26:02 :INFO:parsing file: [./yaml_config/face_embedding_v2.yml]
Tue, 23 Feb 2021 12:22:56 :INFO:parsing file: [./yaml_config/face_embedding_v2.yml]
Tue, 23 Feb 2021 14:10:31 :INFO:parsing file: [./yaml_config/face_embedding_v2.yml]
Tue, 23 Feb 2021 14:10:48 :INFO:parsing file: [./yaml_config/face_embedding_v2.yml]
Wed, 24 Feb 2021 16:33:44 :INFO:parsing file: [./temp/pipnet_landmark_contain/pipnet_r18.yml]
Wed, 24 Feb 2021 16:35:37 :INFO:parsing file: [./temp/pipnet_landmark_contain/pipnet_r18.yml]
Wed, 24 Feb 2021 16:38:09 :INFO:parsing file: [./temp/pipnet_landmark_contain/pipnet_r18.yml]
Wed, 24 Feb 2021 16:38:13 :INFO:parsing file: [./temp/hopepose_contain/pose_detect_video.yml]
Wed, 24 Feb 2021 16:43:22 :INFO:parsing file: [./temp/pipnet_landmark_contain/pipnet_r18.yml]
Wed, 24 Feb 2021 16:43:23 :INFO:parsing file: [./temp/hopepose_contain/pose_detect_video.yml]
Wed, 24 Feb 2021 16:46:53 :INFO:parsing file: [./temp/pipnet_landmark_contain/pipnet_r18.yml]
Wed, 24 Feb 2021 16:46:55 :INFO:parsing file: [./temp/hopepose_contain/pose_detect_video.yml]
Wed, 24 Feb 2021 17:43:14 :INFO:parsing file: [./temp/pipnet_landmark_contain/pipnet_r18.yml]
Wed, 24 Feb 2021 17:43:19 :INFO:parsing file: [./temp/hopepose_contain/pose_detect_video.yml]
Wed, 24 Feb 2021 17:46:46 :INFO:parsing file: [./temp/pipnet_landmark_contain/pipnet_r18.yml]
Wed, 24 Feb 2021 17:46:48 :INFO:parsing file: [./temp/hopepose_contain/pose_detect_video.yml]
Wed, 24 Feb 2021 17:47:29 :INFO:parsing file: [./temp/pipnet_landmark_contain/pipnet_r18.yml]
Wed, 24 Feb 2021 17:47:31 :INFO:parsing file: [./temp/hopepose_contain/pose_detect_video.yml]
Wed, 24 Feb 2021 17:51:59 :INFO:parsing file: [./temp/pipnet_landmark_contain/pipnet_r18.yml]
Wed, 24 Feb 2021 17:52:01 :INFO:parsing file: [./temp/hopepose_contain/pose_detect_video.yml]
Wed, 24 Feb 2021 17:52:56 :INFO:parsing file: [./temp/pipnet_landmark_contain/pipnet_r18.yml]
Wed, 24 Feb 2021 17:52:57 :INFO:parsing file: [./temp/hopepose_contain/pose_detect_video.yml]
Wed, 24 Feb 2021 17:53:31 :INFO:parsing file: [./temp/pipnet_landmark_contain/pipnet_r18.yml]
Wed, 24 Feb 2021 17:53:32 :INFO:parsing file: [./temp/hopepose_contain/pose_detect_video.yml]
Wed, 24 Feb 2021 17:56:14 :INFO:parsing file: [./temp/pipnet_landmark_contain/pipnet_r18.yml]
Wed, 24 Feb 2021 17:56:16 :INFO:parsing file: [./temp/hopepose_contain/pose_detect_video.yml]
Wed, 24 Feb 2021 17:58:36 :INFO:parsing file: [./temp/pipnet_landmark_contain/pipnet_r101.yml]
Wed, 24 Feb 2021 17:58:37 :INFO:parsing file: [./temp/hopepose_contain/pose_detect_video.yml]
Sun, 07 Mar 2021 17:17:20 :INFO:parsing file: [./temp/pipnet_landmark_contain/pipnet_r101.yml]
Sun, 07 Mar 2021 17:19:09 :INFO:parsing file: [./temp/pipnet_landmark_contain/pipnet_r101.yml]
Sun, 07 Mar 2021 17:25:51 :INFO:parsing file: [./temp/pipnet_landmark_contain/pipnet_r101.yml]
Sun, 07 Mar 2021 17:25:54 :INFO:parsing file: [./temp/hopepose_contain/pose_detect_video.yml]
Sun, 07 Mar 2021 17:27:09 :INFO:parsing file: [./temp/pipnet_landmark_contain/pipnet_r101.yml]
Sun, 07 Mar 2021 17:27:11 :INFO:parsing file: [./temp/hopepose_contain/pose_detect_video.yml]
Sun, 07 Mar 2021 17:28:08 :INFO:parsing file: [./temp/pipnet_landmark_contain/pipnet_r101.yml]
Sun, 07 Mar 2021 17:28:09 :INFO:parsing file: [./temp/hopepose_contain/pose_detect_video.yml]
Sun, 07 Mar 2021 17:29:00 :INFO:parsing file: [./temp/pipnet_landmark_contain/pipnet_r101.yml]
Sun, 07 Mar 2021 17:29:02 :INFO:parsing file: [./temp/hopepose_contain/pose_detect_video.yml]
Sun, 07 Mar 2021 17:31:15 :INFO:parsing file: [./temp/pipnet_landmark_contain/pipnet_r101.yml]
Sun, 07 Mar 2021 17:31:16 :INFO:parsing file: [./temp/hopepose_contain/pose_detect_video.yml]
Sun, 07 Mar 2021 17:31:47 :INFO:parsing file: [./temp/pipnet_landmark_contain/pipnet_r101.yml]
Sun, 07 Mar 2021 17:31:49 :INFO:parsing file: [./temp/hopepose_contain/pose_detect_video.yml]
Sun, 07 Mar 2021 17:36:26 :INFO:parsing file: [./temp/pipnet_landmark_contain/pipnet_r101.yml]
Sun, 07 Mar 2021 17:36:27 :INFO:parsing file: [./temp/hopepose_contain/pose_detect_video.yml]
Sun, 07 Mar 2021 18:31:06 :INFO:parsing file: [./temp/pipnet_landmark_contain/pipnet_r101.yml]
Sun, 07 Mar 2021 18:31:10 :INFO:parsing file: [./temp/hopepose_contain/pose_detect_video.yml]
Sun, 07 Mar 2021 18:33:38 :INFO:parsing file: [./temp/pipnet_landmark_contain/pipnet_r101.yml]
Sun, 07 Mar 2021 18:33:40 :INFO:parsing file: [./temp/hopepose_contain/pose_detect_video.yml]
Sun, 07 Mar 2021 19:02:35 :INFO:parsing file: [./temp/pipnet_landmark_contain/pipnet_r101.yml]
Sun, 07 Mar 2021 19:02:36 :INFO:parsing file: [./temp/hopepose_contain/pose_detect_video.yml]
Mon, 08 Mar 2021 10:52:24 :INFO:parsing file: [./temp/pipnet_landmark_contain/pipnet_r101.yml]
Mon, 08 Mar 2021 10:52:29 :INFO:parsing file: [./temp/hopepose_contain/pose_detect_video.yml]
Mon, 08 Mar 2021 10:55:42 :INFO:parsing file: [./temp/pipnet_landmark_contain/pipnet_r101.yml]
Mon, 08 Mar 2021 10:55:44 :INFO:parsing file: [./temp/hopepose_contain/pose_detect_video.yml]
Mon, 08 Mar 2021 11:00:52 :INFO:parsing file: [./temp/pipnet_landmark_contain/pipnet_r101.yml]
Mon, 08 Mar 2021 11:00:54 :INFO:parsing file: [./temp/hopepose_contain/pose_detect_video.yml]
Mon, 08 Mar 2021 11:01:22 :INFO:parsing file: [./temp/pipnet_landmark_contain/pipnet_r101.yml]
Mon, 08 Mar 2021 11:01:24 :INFO:parsing file: [./temp/hopepose_contain/pose_detect_video.yml]
Mon, 08 Mar 2021 11:08:03 :INFO:parsing file: [./temp/pipnet_landmark_contain/pipnet_r101.yml]
Mon, 08 Mar 2021 11:08:04 :INFO:parsing file: [./temp/hopepose_contain/pose_detect_video.yml]
Mon, 08 Mar 2021 11:14:15 :INFO:parsing file: [./temp/pipnet_landmark_contain/pipnet_r101.yml]
Mon, 08 Mar 2021 11:14:16 :INFO:parsing file: [./temp/hopepose_contain/pose_detect_video.yml]
Mon, 08 Mar 2021 11:16:48 :INFO:parsing file: [./temp/pipnet_landmark_contain/pipnet_r101.yml]
Mon, 08 Mar 2021 11:16:49 :INFO:parsing file: [./temp/hopepose_contain/pose_detect_video.yml]
Mon, 08 Mar 2021 11:17:30 :INFO:parsing file: [./temp/pipnet_landmark_contain/pipnet_r101.yml]
Mon, 08 Mar 2021 11:17:31 :INFO:parsing file: [./temp/hopepose_contain/pose_detect_video.yml]
Mon, 08 Mar 2021 11:18:43 :INFO:parsing file: [./temp/pipnet_landmark_contain/pipnet_r101.yml]
Mon, 08 Mar 2021 11:18:44 :INFO:parsing file: [./temp/hopepose_contain/pose_detect_video.yml]
Mon, 08 Mar 2021 11:20:16 :INFO:parsing file: [./temp/pipnet_landmark_contain/pipnet_r101.yml]
Mon, 08 Mar 2021 11:20:17 :INFO:parsing file: [./temp/hopepose_contain/pose_detect_video.yml]
Mon, 08 Mar 2021 12:33:15 :INFO:parsing file: [./temp/pipnet_landmark_contain/pipnet_r101.yml]
Mon, 08 Mar 2021 12:33:17 :INFO:parsing file: [./temp/hopepose_contain/pose_detect_video.yml]
Mon, 08 Mar 2021 12:33:52 :INFO:parsing file: [./temp/pipnet_landmark_contain/pipnet_r101.yml]
Mon, 08 Mar 2021 12:33:54 :INFO:parsing file: [./temp/hopepose_contain/pose_detect_video.yml]
Thu, 11 Mar 2021 14:54:45 :INFO:parsing file: [./temp/pipnet_landmark_contain/pipnet_r101.yml]
Thu, 11 Mar 2021 14:54:49 :INFO:parsing file: [./temp/hopepose_contain/pose_detect_video.yml]
Thu, 11 Mar 2021 14:55:20 :INFO:parsing file: [./temp/pipnet_landmark_contain/pipnet_r101.yml]
Thu, 11 Mar 2021 14:55:21 :INFO:parsing file: [./temp/hopepose_contain/pose_detect_video.yml]
Thu, 11 Mar 2021 14:58:45 :INFO:parsing file: [./temp/pipnet_landmark_contain/pipnet_r101.yml]
Thu, 11 Mar 2021 14:58:46 :INFO:parsing file: [./temp/hopepose_contain/pose_detect_video.yml]
Thu, 11 Mar 2021 14:59:41 :INFO:parsing file: [./temp/pipnet_landmark_contain/pipnet_r101.yml]
Thu, 11 Mar 2021 14:59:43 :INFO:parsing file: [./temp/hopepose_contain/pose_detect_video.yml]
Thu, 11 Mar 2021 15:01:16 :INFO:parsing file: [./temp/pipnet_landmark_contain/pipnet_r101.yml]
Thu, 11 Mar 2021 15:01:18 :INFO:parsing file: [./temp/hopepose_contain/pose_detect_video.yml]
Thu, 11 Mar 2021 15:02:10 :INFO:parsing file: [./temp/pipnet_landmark_contain/pipnet_r101.yml]
Thu, 11 Mar 2021 15:02:12 :INFO:parsing file: [./temp/hopepose_contain/pose_detect_video.yml]
Sat, 13 Mar 2021 12:06:10 :INFO:parsing file: [./temp/pipnet_landmark_contain/pipnet_r101.yml]
Sat, 13 Mar 2021 12:06:14 :INFO:parsing file: [./temp/hopepose_contain/pose_detect_video.yml]
Sat, 13 Mar 2021 12:06:57 :INFO:parsing file: [./temp/pipnet_landmark_contain/pipnet_r101.yml]
Sat, 13 Mar 2021 12:06:58 :INFO:parsing file: [./temp/hopepose_contain/pose_detect_video.yml]
Sat, 13 Mar 2021 20:27:31 :INFO:parsing file: [./temp/pipnet_landmark_contain/pipnet_r101.yml]
Sat, 13 Mar 2021 20:27:35 :INFO:parsing file: [./temp/hopepose_contain/pose_detect_video.yml]
Sat, 13 Mar 2021 20:29:49 :INFO:parsing file: [./temp/pipnet_landmark_contain/pipnet_r101.yml]
Sat, 13 Mar 2021 20:29:50 :INFO:parsing file: [./temp/hopepose_contain/pose_detect_video.yml]
Sun, 14 Mar 2021 11:48:38 :INFO:parsing file: [./temp/hopepose_contain/pose_detect_video.yml]
Sun, 14 Mar 2021 11:48:47 :INFO:parsing file: [./temp/hopepose_contain/pose_detect_video.yml]
Sun, 14 Mar 2021 11:49:50 :INFO:parsing file: [./temp/hopepose_contain/pose_detect_video.yml]
Sun, 14 Mar 2021 11:51:45 :INFO:parsing file: [./temp/hopepose_contain/pose_detect_video.yml]
Sun, 14 Mar 2021 11:52:57 :INFO:parsing file: [./temp/hopepose_contain/pose_detect_video.yml]
Mon, 15 Mar 2021 15:39:11 :INFO:parsing file: [./temp/pipnet_landmark_contain/pipnet_r101.yml]
Mon, 15 Mar 2021 15:39:15 :INFO:parsing file: [./temp/hopepose_contain/pose_detect_video.yml]
Tue, 16 Mar 2021 15:25:12 :INFO:parsing file: [./yaml_config/face_embedding_v2.yml]
Tue, 16 Mar 2021 16:07:35 :INFO:parsing file: [./yaml_config/face_embedding_v2.yml]
Tue, 16 Mar 2021 17:04:51 :INFO:parsing file: [./yaml_config/face_embedding_v2.yml]
Sun, 18 Apr 2021 19:48:45 :INFO:parsing file: [./luanch_script/config/classification_mnist.yaml]
Sun, 18 Apr 2021 19:49:50 :INFO:parsing file: [./luanch_script/config/classification_mnist.yaml]
Sun, 18 Apr 2021 19:51:18 :INFO:parsing file: [./luanch_script/config/classification_mnist.yaml]
Sun, 18 Apr 2021 19:52:07 :INFO:parsing file: [./luanch_script/config/classification_mnist.yaml]
Sun, 18 Apr 2021 19:52:20 :INFO:parsing file: [./luanch_script/config/classification_mnist.yaml]
Sun, 18 Apr 2021 19:52:30 :INFO:parsing file: [./luanch_script/config/classification_mnist.yaml]
Sun, 18 Apr 2021 20:10:22 :INFO:parsing file: [./luanch_script/config/classification_mnist.yaml]
Sun, 18 Apr 2021 20:10:54 :INFO:parsing file: [./luanch_script/config/classification_mnist.yaml]
Sun, 18 Apr 2021 20:11:34 :INFO:parsing file: [./luanch_script/config/classification_mnist.yaml]
Sun, 18 Apr 2021 21:41:55 :INFO:parsing file: [./luanch_script/config/classification_mnist.yaml]
